Component: ARM Compiler 5.06 update 6 (build 750) Tool: armlink [4d35ed]

==============================================================================

Section Cross References

    system_apm32f4xx.o(i.SystemCoreClockUpdate) refers to system_apm32f4xx.o(.data) for SystemCoreClock
    system_apm32f4xx.o(i.SystemInit) refers to system_apm32f4xx.o(i.SystemClockConfig) for SystemClockConfig
    startup_apm32f40x.o(RESET) refers to startup_apm32f40x.o(STACK) for __initial_sp
    startup_apm32f40x.o(RESET) refers to startup_apm32f40x.o(.text) for Reset_Handler
    startup_apm32f40x.o(RESET) refers to apm32f4xx_int.o(i.NMI_Handler) for NMI_Handler
    startup_apm32f40x.o(RESET) refers to apm32f4xx_int.o(i.HardFault_Handler) for HardFault_Handler
    startup_apm32f40x.o(RESET) refers to apm32f4xx_int.o(i.MemManage_Handler) for MemManage_Handler
    startup_apm32f40x.o(RESET) refers to apm32f4xx_int.o(i.BusFault_Handler) for BusFault_Handler
    startup_apm32f40x.o(RESET) refers to apm32f4xx_int.o(i.UsageFault_Handler) for UsageFault_Handler
    startup_apm32f40x.o(RESET) refers to apm32f4xx_int.o(i.SVC_Handler) for SVC_Handler
    startup_apm32f40x.o(RESET) refers to apm32f4xx_int.o(i.DebugMon_Handler) for DebugMon_Handler
    startup_apm32f40x.o(RESET) refers to apm32f4xx_int.o(i.PendSV_Handler) for PendSV_Handler
    startup_apm32f40x.o(RESET) refers to apm32f4xx_int.o(i.SysTick_Handler) for SysTick_Handler
    startup_apm32f40x.o(RESET) refers to apm32f4xx_int.o(i.ADC_IRQHandler) for ADC_IRQHandler
    startup_apm32f40x.o(.text) refers to system_apm32f4xx.o(i.SystemInit) for SystemInit
    startup_apm32f40x.o(.text) refers to entry.o(.ARM.Collect$$$$00000000) for __main
    apm32f4xx_adc.o(i.ADC_Reset) refers to apm32f4xx_rcm.o(i.RCM_EnableAPB2PeriphReset) for RCM_EnableAPB2PeriphReset
    apm32f4xx_adc.o(i.ADC_Reset) refers to apm32f4xx_rcm.o(i.RCM_DisableAPB2PeriphReset) for RCM_DisableAPB2PeriphReset
    apm32f4xx_can.o(i.CAN_Reset) refers to apm32f4xx_rcm.o(i.RCM_EnableAPB1PeriphReset) for RCM_EnableAPB1PeriphReset
    apm32f4xx_can.o(i.CAN_Reset) refers to apm32f4xx_rcm.o(i.RCM_DisableAPB1PeriphReset) for RCM_DisableAPB1PeriphReset
    apm32f4xx_cryp.o(i.CRYP_Reset) refers to apm32f4xx_rcm.o(i.RCM_EnableAHB2PeriphReset) for RCM_EnableAHB2PeriphReset
    apm32f4xx_cryp.o(i.CRYP_Reset) refers to apm32f4xx_rcm.o(i.RCM_DisableAHB2PeriphReset) for RCM_DisableAHB2PeriphReset
    apm32f4xx_cryp_aes.o(i.CRYP_AES_CBC) refers to apm32f4xx_cryp.o(i.CRYP_ConfigKeyStructInit) for CRYP_ConfigKeyStructInit
    apm32f4xx_cryp_aes.o(i.CRYP_AES_CBC) refers to apm32f4xx_cryp.o(i.CRYP_FlushFIFO) for CRYP_FlushFIFO
    apm32f4xx_cryp_aes.o(i.CRYP_AES_CBC) refers to apm32f4xx_cryp.o(i.CRYP_Config) for CRYP_Config
    apm32f4xx_cryp_aes.o(i.CRYP_AES_CBC) refers to apm32f4xx_cryp.o(i.CRYP_ConfigKey) for CRYP_ConfigKey
    apm32f4xx_cryp_aes.o(i.CRYP_AES_CBC) refers to apm32f4xx_cryp.o(i.CRYP_Enable) for CRYP_Enable
    apm32f4xx_cryp_aes.o(i.CRYP_AES_CBC) refers to apm32f4xx_cryp.o(i.CRYP_ReadStatusFlag) for CRYP_ReadStatusFlag
    apm32f4xx_cryp_aes.o(i.CRYP_AES_CBC) refers to apm32f4xx_cryp.o(i.CRYP_ConfigIV) for CRYP_ConfigIV
    apm32f4xx_cryp_aes.o(i.CRYP_AES_CBC) refers to apm32f4xx_cryp.o(i.CRYP_ReadCmdStatus) for CRYP_ReadCmdStatus
    apm32f4xx_cryp_aes.o(i.CRYP_AES_CBC) refers to apm32f4xx_cryp.o(i.CRYP_InData) for CRYP_InData
    apm32f4xx_cryp_aes.o(i.CRYP_AES_CBC) refers to apm32f4xx_cryp.o(i.CRYP_OutData) for CRYP_OutData
    apm32f4xx_cryp_aes.o(i.CRYP_AES_CBC) refers to apm32f4xx_cryp.o(i.CRYP_Disable) for CRYP_Disable
    apm32f4xx_cryp_aes.o(i.CRYP_AES_CTR) refers to apm32f4xx_cryp.o(i.CRYP_ConfigKeyStructInit) for CRYP_ConfigKeyStructInit
    apm32f4xx_cryp_aes.o(i.CRYP_AES_CTR) refers to apm32f4xx_cryp.o(i.CRYP_ConfigKey) for CRYP_ConfigKey
    apm32f4xx_cryp_aes.o(i.CRYP_AES_CTR) refers to apm32f4xx_cryp.o(i.CRYP_Config) for CRYP_Config
    apm32f4xx_cryp_aes.o(i.CRYP_AES_CTR) refers to apm32f4xx_cryp.o(i.CRYP_ConfigIV) for CRYP_ConfigIV
    apm32f4xx_cryp_aes.o(i.CRYP_AES_CTR) refers to apm32f4xx_cryp.o(i.CRYP_FlushFIFO) for CRYP_FlushFIFO
    apm32f4xx_cryp_aes.o(i.CRYP_AES_CTR) refers to apm32f4xx_cryp.o(i.CRYP_Enable) for CRYP_Enable
    apm32f4xx_cryp_aes.o(i.CRYP_AES_CTR) refers to apm32f4xx_cryp.o(i.CRYP_ReadCmdStatus) for CRYP_ReadCmdStatus
    apm32f4xx_cryp_aes.o(i.CRYP_AES_CTR) refers to apm32f4xx_cryp.o(i.CRYP_InData) for CRYP_InData
    apm32f4xx_cryp_aes.o(i.CRYP_AES_CTR) refers to apm32f4xx_cryp.o(i.CRYP_ReadStatusFlag) for CRYP_ReadStatusFlag
    apm32f4xx_cryp_aes.o(i.CRYP_AES_CTR) refers to apm32f4xx_cryp.o(i.CRYP_OutData) for CRYP_OutData
    apm32f4xx_cryp_aes.o(i.CRYP_AES_CTR) refers to apm32f4xx_cryp.o(i.CRYP_Disable) for CRYP_Disable
    apm32f4xx_cryp_aes.o(i.CRYP_AES_ECB) refers to apm32f4xx_cryp.o(i.CRYP_ConfigKeyStructInit) for CRYP_ConfigKeyStructInit
[...]
    Removing apm32f4xx_cryp.o(.rrx_text), (6 bytes).
    Removing apm32f4xx_cryp.o(i.CRYP_Config), (68 bytes).
    Removing apm32f4xx_cryp.o(i.CRYP_ConfigIV), (24 bytes).
    Removing apm32f4xx_cryp.o(i.CRYP_ConfigIVStructInit), (12 bytes).
    Removing apm32f4xx_cryp.o(i.CRYP_ConfigKey), (40 bytes).
    Removing apm32f4xx_cryp.o(i.CRYP_ConfigKeyStructInit), (20 bytes).
    Removing apm32f4xx_cryp.o(i.CRYP_ConfigStructInit), (12 bytes).
    Removing apm32f4xx_cryp.o(i.CRYP_Disable), (20 bytes).
    Removing apm32f4xx_cryp.o(i.CRYP_DisableDMA), (40 bytes).
    Removing apm32f4xx_cryp.o(i.CRYP_DisableInterrupt), (16 bytes).
    Removing apm32f4xx_cryp.o(i.CRYP_Enable), (24 bytes).
    Removing apm32f4xx_cryp.o(i.CRYP_EnableDMA), (44 bytes).
    Removing apm32f4xx_cryp.o(i.CRYP_EnableInterrupt), (16 bytes).
    Removing apm32f4xx_cryp.o(i.CRYP_FlushFIFO), (24 bytes).
    Removing apm32f4xx_cryp.o(i.CRYP_InData), (12 bytes).
    Removing apm32f4xx_cryp.o(i.CRYP_OutData), (12 bytes).
    Removing apm32f4xx_cryp.o(i.CRYP_ReadCmdStatus), (16 bytes).
    Removing apm32f4xx_cryp.o(i.CRYP_ReadIntFlag), (24 bytes).
    Removing apm32f4xx_cryp.o(i.CRYP_ReadStatusFlag), (44 bytes).
    Removing apm32f4xx_cryp.o(i.CRYP_Reset), (16 bytes).
    Removing apm32f4xx_cryp.o(i.CRYP_RestoreContext), (76 bytes).
    Removing apm32f4xx_cryp.o(i.CRYP_SaveContext), (176 bytes).
    Removing apm32f4xx_cryp_aes.o(.rev16_text), (4 bytes).
    Removing apm32f4xx_cryp_aes.o(.revsh_text), (4 bytes).
    Removing apm32f4xx_cryp_aes.o(.rrx_text), (6 bytes).
    Removing apm32f4xx_cryp_aes.o(i.CRYP_AES_CBC), (552 bytes).
    Removing apm32f4xx_cryp_aes.o(i.CRYP_AES_CTR), (470 bytes).
    Removing apm32f4xx_cryp_aes.o(i.CRYP_AES_ECB), (508 bytes).
    Removing apm32f4xx_cryp_des.o(.rev16_text), (4 bytes).
    Removing apm32f4xx_cryp_des.o(.revsh_text), (4 bytes).
    Removing apm32f4xx_cryp_des.o(.rrx_text), (6 bytes).
    Removing apm32f4xx_cryp_des.o(i.CRYP_DES_CBC), (254 bytes).
    Removing apm32f4xx_cryp_des.o(i.CRYP_DES_ECB), (220 bytes).
    Removing apm32f4xx_cryp_tdes.o(.rev16_text), (4 bytes).
    Removing apm32f4xx_cryp_tdes.o(.revsh_text), (4 bytes).
    Removing apm32f4xx_cryp_tdes.o(.rrx_text), (6 bytes).
    Removing apm32f4xx_cryp_tdes.o(i.CRYP_TDES_CBC), (286 bytes).
    Removing apm32f4xx_cryp_tdes.o(i.CRYP_TDES_ECB), (254 bytes).
    Removing apm32f4xx_dac.o(.rev16_text), (4 bytes).
    Removing apm32f4xx_dac.o(.revsh_text), (4 bytes).
    Removing apm32f4xx_dac.o(.rrx_text), (6 bytes).
    Removing apm32f4xx_dac.o(i.DAC_ClearIntFlag), (44 bytes).
    Removing apm32f4xx_dac.o(i.DAC_ClearStatusFlag), (44 bytes).
    Removing apm32f4xx_dac.o(i.DAC_ConfigChannel2Data), (32 bytes).
    Removing apm32f4xx_dac.o(i.DAC_ConfigDualChannelData), (36 bytes).
    Removing apm32f4xx_dac.o(i.DAC_DMA_Disable), (40 bytes).
    Removing apm32f4xx_dac.o(i.DAC_DMA_Enable), (48 bytes).
    Removing apm32f4xx_dac.o(i.DAC_Disable), (40 bytes).
    Removing apm32f4xx_dac.o(i.DAC_DisableDualSoftwareTrigger), (28 bytes).
    Removing apm32f4xx_dac.o(i.DAC_DisableInterrupt), (40 bytes).
    Removing apm32f4xx_dac.o(i.DAC_DisableSoftwareTrigger), (40 bytes).
    Removing apm32f4xx_dac.o(i.DAC_DisableWaveGeneration), (20 bytes).
    Removing apm32f4xx_dac.o(i.DAC_EnableDualSoftwareTrigger), (32 bytes).
    Removing apm32f4xx_dac.o(i.DAC_EnableInterrupt), (48 bytes).
    Removing apm32f4xx_dac.o(i.DAC_EnableWaveGeneration), (32 bytes).
    Removing apm32f4xx_dac.o(i.DAC_ReadDataOutputValue), (36 bytes).
    Removing apm32f4xx_dac.o(i.DAC_ReadIntFlag), (68 bytes).
    Removing apm32f4xx_dac.o(i.DAC_ReadStatusFlag), (28 bytes).
    Removing apm32f4xx_dac.o(i.DAC_Reset), (20 bytes).
    Removing apm32f4xx_dbgmcu.o(.rev16_text), (4 bytes).
    Removing apm32f4xx_dbgmcu.o(.revsh_text), (4 bytes).
    Removing apm32f4xx_dbgmcu.o(.rrx_text), (6 bytes).
    Removing apm32f4xx_dbgmcu.o(i.DBGMCU_Disable), (16 bytes).
    Removing apm32f4xx_dbgmcu.o(i.DBGMCU_DisableAPB1Periph), (16 bytes).
    Removing apm32f4xx_dbgmcu.o(i.DBGMCU_DisableAPB2Periph), (16 bytes).
    Removing apm32f4xx_dbgmcu.o(i.DBGMCU_Enable), (16 bytes).
    Removing apm32f4xx_dbgmcu.o(i.DBGMCU_EnableAPB1Periph), (16 bytes).
    Removing apm32f4xx_dbgmcu.o(i.DBGMCU_EnableAPB2Periph), (16 bytes).
    Removing apm32f4xx_dbgmcu.o(i.DBGMCU_ReadDEVID), (16 bytes).
    Removing apm32f4xx_dbgmcu.o(i.DBGMCU_ReadREVID), (12 bytes).
    Removing apm32f4xx_dci.o(.rev16_text), (4 bytes).
    Removing apm32f4xx_dci.o(.revsh_text), (4 bytes).
    Removing apm32f4xx_dci.o(.rrx_text), (6 bytes).
    Removing apm32f4xx_dci.o(i.DCI_ClearIntFlag), (12 bytes).
    Removing apm32f4xx_dci.o(i.DCI_ClearStatusFlag), (12 bytes).
    Removing apm32f4xx_dci.o(i.DCI_Config), (104 bytes).
    Removing apm32f4xx_dci.o(i.DCI_ConfigCROP), (64 bytes).
    Removing apm32f4xx_dci.o(i.DCI_ConfigStructInit), (18 bytes).
    Removing apm32f4xx_dci.o(i.DCI_ConfigSynchroCode), (64 bytes).
    Removing apm32f4xx_dci.o(i.DCI_Disable), (20 bytes).
    Removing apm32f4xx_dci.o(i.DCI_DisableCROP), (20 bytes).
    Removing apm32f4xx_dci.o(i.DCI_DisableCapture), (20 bytes).
    Removing apm32f4xx_dci.o(i.DCI_DisableInterrupt), (16 bytes).
    Removing apm32f4xx_dci.o(i.DCI_DisableJPEG), (20 bytes).
    Removing apm32f4xx_dci.o(i.DCI_Enable), (24 bytes).
    Removing apm32f4xx_dci.o(i.DCI_EnableCROP), (20 bytes).
    Removing apm32f4xx_dci.o(i.DCI_EnableCapture), (20 bytes).
    Removing apm32f4xx_dci.o(i.DCI_EnableInterrupt), (16 bytes).
    Removing apm32f4xx_dci.o(i.DCI_EnableJPEG), (20 bytes).
    Removing apm32f4xx_dci.o(i.DCI_ReadData), (12 bytes).
    Removing apm32f4xx_dci.o(i.DCI_ReadIntFlag), (24 bytes).
    Removing apm32f4xx_dci.o(i.DCI_ReadStatusFlag), (48 bytes).
    Removing apm32f4xx_dci.o(i.DCI_Rest), (28 bytes).
    Removing apm32f4xx_dma.o(.rev16_text), (4 bytes).
    Removing apm32f4xx_dma.o(.revsh_text), (4 bytes).
    Removing apm32f4xx_dma.o(.rrx_text), (6 bytes).
    Removing apm32f4xx_dma.o(i.DMA_ClearIntFlag), (52 bytes).
    Removing apm32f4xx_dma.o(i.DMA_ClearStatusFlag), (52 bytes).
    Removing apm32f4xx_dma.o(i.DMA_Config), (134 bytes).
    Removing apm32f4xx_dma.o(i.DMA_ConfigBufferMode), (12 bytes).
    Removing apm32f4xx_dma.o(i.DMA_ConfigDataNumber), (4 bytes).
    Removing apm32f4xx_dma.o(i.DMA_ConfigFlowController), (10 bytes).
    Removing apm32f4xx_dma.o(i.DMA_ConfigMemoryTarget), (10 bytes).
    Removing apm32f4xx_dma.o(i.DMA_ConfigPeriphIncOffsetSize), (10 bytes).
    Removing apm32f4xx_dma.o(i.DMA_ConfigStructInit), (34 bytes).
    Removing apm32f4xx_dma.o(i.DMA_Disable), (10 bytes).
    Removing apm32f4xx_dma.o(i.DMA_DisableDoubleBufferMode), (10 bytes).
    Removing apm32f4xx_dma.o(i.DMA_DisableInterrupt), (30 bytes).
    Removing apm32f4xx_dma.o(i.DMA_Enable), (12 bytes).
    Removing apm32f4xx_dma.o(i.DMA_EnableDoubleBufferMode), (14 bytes).
    Removing apm32f4xx_dma.o(i.DMA_EnableInterrupt), (32 bytes).
    Removing apm32f4xx_dma.o(i.DMA_ReadCmdStatus), (10 bytes).
    Removing apm32f4xx_dma.o(i.DMA_ReadCurrentMemoryTarget), (10 bytes).
    Removing apm32f4xx_dma.o(i.DMA_ReadDataNumber), (8 bytes).
    Removing apm32f4xx_dma.o(i.DMA_ReadFIFOFlag), (10 bytes).
    Removing apm32f4xx_dma.o(i.DMA_ReadIntFlag), (92 bytes).
    Removing apm32f4xx_dma.o(i.DMA_ReadStatusFlag), (60 bytes).
    Removing apm32f4xx_dma.o(i.DMA_Reset), (444 bytes).
    Removing apm32f4xx_dmc.o(.rev16_text), (4 bytes).
    Removing apm32f4xx_dmc.o(.revsh_text), (4 bytes).
    Removing apm32f4xx_dmc.o(.rrx_text), (6 bytes).
    Removing apm32f4xx_dmc.o(i.DMC_Config), (184 bytes).
    Removing apm32f4xx_dmc.o(i.DMC_ConfigAddrWidth), (28 bytes).
    Removing apm32f4xx_dmc.o(i.DMC_ConfigAutoRefreshNumDuringInit), (18 bytes).
    Removing apm32f4xx_dmc.o(i.DMC_ConfigBankWidth), (18 bytes).
    Removing apm32f4xx_dmc.o(i.DMC_ConfigClockPhase), (20 bytes).
    Removing apm32f4xx_dmc.o(i.DMC_ConfigFullRefreshAfterSR), (18 bytes).
    Removing apm32f4xx_dmc.o(i.DMC_ConfigFullRefreshBeforeSR), (18 bytes).
    Removing apm32f4xx_dmc.o(i.DMC_ConfigOpenBank), (18 bytes).
    Removing apm32f4xx_dmc.o(i.DMC_ConfigPrechargeType), (18 bytes).
    Removing apm32f4xx_dmc.o(i.DMC_ConfigRefreshPeriod), (18 bytes).
    Removing apm32f4xx_dmc.o(i.DMC_ConfigStableTimePowerup), (18 bytes).
    Removing apm32f4xx_dmc.o(i.DMC_ConfigStructInit), (26 bytes).
    Removing apm32f4xx_dmc.o(i.DMC_ConfigTiming), (202 bytes).
    Removing apm32f4xx_dmc.o(i.DMC_ConfigTimingStructInit), (94 bytes).
    Removing apm32f4xx_dmc.o(i.DMC_ConfigWRAPB), (20 bytes).
    Removing apm32f4xx_dmc.o(i.DMC_Disable), (20 bytes).
    Removing apm32f4xx_dmc.o(i.DMC_DisableAccelerateModule), (20 bytes).
    Removing apm32f4xx_dmc.o(i.DMC_EixtSlefRefreshMode), (18 bytes).
    Removing apm32f4xx_dmc.o(i.DMC_Enable), (20 bytes).
    Removing apm32f4xx_dmc.o(i.DMC_EnableAccelerateModule), (20 bytes).
    Removing apm32f4xx_dmc.o(i.DMC_EnableInit), (20 bytes).
    Removing apm32f4xx_dmc.o(i.DMC_EnableUpdateMode), (22 bytes).
    Removing apm32f4xx_dmc.o(i.DMC_EnterPowerdownMode), (20 bytes).
    Removing apm32f4xx_dmc.o(i.DMC_EnterSlefRefreshMode), (20 bytes).
    Removing apm32f4xx_dmc.o(i.DMC_ReadSelfRefreshStatus), (12 bytes).
    Removing apm32f4xx_eint.o(.rev16_text), (4 bytes).
    Removing apm32f4xx_eint.o(.revsh_text), (4 bytes).
    Removing apm32f4xx_eint.o(.rrx_text), (6 bytes).
    Removing apm32f4xx_eint.o(i.EINT_ClearIntFlag), (12 bytes).
    Removing apm32f4xx_eint.o(i.EINT_ClearStatusFlag), (12 bytes).
    Removing apm32f4xx_eint.o(i.EINT_Config), (148 bytes).
    Removing apm32f4xx_eint.o(i.EINT_ConfigStructInit), (16 bytes).
    Removing apm32f4xx_eint.o(i.EINT_ReadIntFlag), (40 bytes).
    Removing apm32f4xx_eint.o(i.EINT_ReadStatusFlag), (24 bytes).
    Removing apm32f4xx_eint.o(i.EINT_Reset), (36 bytes).
    Removing apm32f4xx_eint.o(i.EINT_SelectSWInterrupt), (16 bytes).
    Removing apm32f4xx_fmc.o(.rev16_text), (4 bytes).
    Removing apm32f4xx_fmc.o(.revsh_text), (4 bytes).
    Removing apm32f4xx_fmc.o(.rrx_text), (6 bytes).
    Removing apm32f4xx_fmc.o(i.FMC_ClearStatusFlag), (12 bytes).
    Removing apm32f4xx_fmc.o(i.FMC_ConfigLatency), (12 bytes).
    Removing apm32f4xx_fmc.o(i.FMC_DisableDataCache), (20 bytes).
    Removing apm32f4xx_fmc.o(i.FMC_DisableInstructionCache), (20 bytes).
    Removing apm32f4xx_fmc.o(i.FMC_DisableInterrupt), (40 bytes).
    Removing apm32f4xx_fmc.o(i.FMC_DisablePrefetchBuffer), (20 bytes).
    Removing apm32f4xx_fmc.o(i.FMC_EnableDataCache), (20 bytes).
    Removing apm32f4xx_fmc.o(i.FMC_EnableInstructionCache), (20 bytes).
    Removing apm32f4xx_fmc.o(i.FMC_EnableInterrupt), (40 bytes).
    Removing apm32f4xx_fmc.o(i.FMC_EnablePrefetchBuffer), (20 bytes).
    Removing apm32f4xx_fmc.o(i.FMC_EraseAllSectors), (112 bytes).
    Removing apm32f4xx_fmc.o(i.FMC_EraseSector), (136 bytes).
    Removing apm32f4xx_fmc.o(i.FMC_Lock), (20 bytes).
    Removing apm32f4xx_fmc.o(i.FMC_LockOptionByte), (20 bytes).
    Removing apm32f4xx_fmc.o(i.FMC_OPT_ConfigBrownoutReset), (28 bytes).
    Removing apm32f4xx_fmc.o(i.FMC_OPT_ConfigReadProtect), (28 bytes).
    Removing apm32f4xx_fmc.o(i.FMC_OPT_ConfigUser), (48 bytes).
    Removing apm32f4xx_fmc.o(i.FMC_OPT_DisableWriteProtect), (32 bytes).
    Removing apm32f4xx_fmc.o(i.FMC_OPT_EnableWriteProtect), (32 bytes).
    Removing apm32f4xx_fmc.o(i.FMC_OPT_Launch), (32 bytes).
    Removing apm32f4xx_fmc.o(i.FMC_OPT_ReadBrownoutReset), (16 bytes).
    Removing apm32f4xx_fmc.o(i.FMC_OPT_ReadProtectLevel), (20 bytes).
    Removing apm32f4xx_fmc.o(i.FMC_OPT_ReadUser), (16 bytes).
    Removing apm32f4xx_fmc.o(i.FMC_OPT_ReadWriteProtect), (12 bytes).
    Removing apm32f4xx_fmc.o(i.FMC_ProgramByte), (76 bytes).
    Removing apm32f4xx_fmc.o(i.FMC_ProgramDoubleWord), (84 bytes).
    Removing apm32f4xx_fmc.o(i.FMC_ProgramHalfWord), (80 bytes).
    Removing apm32f4xx_fmc.o(i.FMC_ProgramWord), (80 bytes).
    Removing apm32f4xx_fmc.o(i.FMC_ReadStatus), (72 bytes).
    Removing apm32f4xx_fmc.o(i.FMC_ReadStatusFlag), (20 bytes).
    Removing apm32f4xx_fmc.o(i.FMC_ResetDataCache), (20 bytes).
    Removing apm32f4xx_fmc.o(i.FMC_ResetInstructionCache), (20 bytes).
    Removing apm32f4xx_fmc.o(i.FMC_Unlock), (36 bytes).
    Removing apm32f4xx_fmc.o(i.FMC_UnlockOptionByte), (36 bytes).
    Removing apm32f4xx_fmc.o(i.FMC_WaitForLastOperation), (34 bytes).
    Removing apm32f4xx_gpio.o(.rev16_text), (4 bytes).
    Removing apm32f4xx_gpio.o(.revsh_text), (4 bytes).
    Removing apm32f4xx_gpio.o(.rrx_text), (6 bytes).
    Removing apm32f4xx_gpio.o(i.GPIO_ConfigPinLock), (30 bytes).
    Removing apm32f4xx_gpio.o(i.GPIO_ReadInputBit), (20 bytes).
    Removing apm32f4xx_gpio.o(i.GPIO_ReadInputPort), (8 bytes).
    Removing apm32f4xx_gpio.o(i.GPIO_ReadOutputBit), (20 bytes).
    Removing apm32f4xx_gpio.o(i.GPIO_ReadOutputPort), (8 bytes).
    Removing apm32f4xx_gpio.o(i.GPIO_Reset), (172 bytes).
    Removing apm32f4xx_gpio.o(i.GPIO_ResetBit), (4 bytes).
    Removing apm32f4xx_gpio.o(i.GPIO_SetBit), (4 bytes).
    Removing apm32f4xx_gpio.o(i.GPIO_ToggleBit), (8 bytes).
    Removing apm32f4xx_gpio.o(i.GPIO_WriteBitValue), (10 bytes).
    Removing apm32f4xx_gpio.o(i.GPIO_WriteOutputPort), (4 bytes).
    Removing apm32f4xx_hash.o(.rev16_text), (4 bytes).
    Removing apm32f4xx_hash.o(.revsh_text), (4 bytes).
    Removing apm32f4xx_hash.o(.rrx_text), (6 bytes).
    Removing apm32f4xx_hash.o(i.HASH_ClearIntFlag), (40 bytes).
    Removing apm32f4xx_hash.o(i.HASH_ClearStatusFlag), (40 bytes).
    Removing apm32f4xx_hash.o(i.HASH_Config), (124 bytes).
    Removing apm32f4xx_hash.o(i.HASH_ConfigLastWordValidBitsNbr), (28 bytes).
    Removing apm32f4xx_hash.o(i.HASH_ConfigStructInit), (12 bytes).
    Removing apm32f4xx_hash.o(i.HASH_DisableDMA), (20 bytes).
    Removing apm32f4xx_hash.o(i.HASH_DisableInterrupt), (16 bytes).
    Removing apm32f4xx_hash.o(i.HASH_EnableDMA), (20 bytes).
    Removing apm32f4xx_hash.o(i.HASH_EnableInterrupt), (16 bytes).
    Removing apm32f4xx_hash.o(i.HASH_ReadContext), (60 bytes).
    Removing apm32f4xx_hash.o(i.HASH_ReadDigest), (44 bytes).
    Removing apm32f4xx_hash.o(i.HASH_ReadFlagStatus), (40 bytes).
    Removing apm32f4xx_hash.o(i.HASH_ReadInFIFOWordsNbr), (16 bytes).
    Removing apm32f4xx_hash.o(i.HASH_ReadIntFlag), (36 bytes).
    Removing apm32f4xx_hash.o(i.HASH_Reset), (16 bytes).
    Removing apm32f4xx_hash.o(i.HASH_ResetProceCore), (20 bytes).
    Removing apm32f4xx_hash.o(i.HASH_StartDigest), (24 bytes).
    Removing apm32f4xx_hash.o(i.HASH_WaitForCompute), (50 bytes).
    Removing apm32f4xx_hash.o(i.HASH_WriteContext), (72 bytes).
    Removing apm32f4xx_hash.o(i.HASH_WritesInputData), (16 bytes).
    Removing apm32f4xx_hash_md5.o(.rev16_text), (4 bytes).
    Removing apm32f4xx_hash_md5.o(.revsh_text), (4 bytes).
    Removing apm32f4xx_hash_md5.o(.rrx_text), (6 bytes).
    Removing apm32f4xx_hash_md5.o(i.HASH_ComputeMD5), (148 bytes).
    Removing apm32f4xx_hash_md5.o(i.HMAC_ComputeMD5), (262 bytes).
    Removing apm32f4xx_hash_sha1.o(.rev16_text), (4 bytes).
    Removing apm32f4xx_hash_sha1.o(.revsh_text), (4 bytes).
    Removing apm32f4xx_hash_sha1.o(.rrx_text), (6 bytes).
    Removing apm32f4xx_hash_sha1.o(i.HASH_ComputeSHA1), (154 bytes).
    Removing apm32f4xx_hash_sha1.o(i.HMAC_ComputeSHA1), (272 bytes).
    Removing apm32f4xx_i2c.o(.rev16_text), (4 bytes).
    Removing apm32f4xx_i2c.o(.revsh_text), (4 bytes).
    Removing apm32f4xx_i2c.o(.rrx_text), (6 bytes).
    Removing apm32f4xx_i2c.o(i.I2C_ClearIntFlag), (8 bytes).
    Removing apm32f4xx_i2c.o(i.I2C_ClearStatusFlag), (94 bytes).
    Removing apm32f4xx_i2c.o(i.I2C_Config), (256 bytes).
    Removing apm32f4xx_i2c.o(i.I2C_ConfigFastModeDutyCycle), (30 bytes).
    Removing apm32f4xx_i2c.o(i.I2C_ConfigNACKPosition), (26 bytes).
    Removing apm32f4xx_i2c.o(i.I2C_ConfigOwnAddress2), (10 bytes).
    Removing apm32f4xx_i2c.o(i.I2C_ConfigPECPosition), (26 bytes).
    Removing apm32f4xx_i2c.o(i.I2C_ConfigSMBusAlert), (26 bytes).
    Removing apm32f4xx_i2c.o(i.I2C_ConfigStructInit), (30 bytes).
    Removing apm32f4xx_i2c.o(i.I2C_Disable), (10 bytes).
    Removing apm32f4xx_i2c.o(i.I2C_DisableARP), (10 bytes).
    Removing apm32f4xx_i2c.o(i.I2C_DisableAcknowledge), (10 bytes).
    Removing apm32f4xx_i2c.o(i.I2C_DisableDMA), (10 bytes).
    Removing apm32f4xx_i2c.o(i.I2C_DisableDMALastTransfer), (10 bytes).
    Removing apm32f4xx_i2c.o(i.I2C_DisableDualAddress), (10 bytes).
    Removing apm32f4xx_i2c.o(i.I2C_DisableGeneralCall), (10 bytes).
    Removing apm32f4xx_i2c.o(i.I2C_DisableGenerateStart), (10 bytes).
    Removing apm32f4xx_i2c.o(i.I2C_DisableGenerateStop), (10 bytes).
    Removing apm32f4xx_i2c.o(i.I2C_DisableInterrupt), (8 bytes).
    Removing apm32f4xx_i2c.o(i.I2C_DisablePEC), (10 bytes).
    Removing apm32f4xx_i2c.o(i.I2C_DisablePECTransmit), (10 bytes).
    Removing apm32f4xx_i2c.o(i.I2C_DisableSoftwareReset), (10 bytes).
    Removing apm32f4xx_i2c.o(i.I2C_DisableStretchClock), (12 bytes).
    Removing apm32f4xx_i2c.o(i.I2C_Enable), (12 bytes).
    Removing apm32f4xx_i2c.o(i.I2C_EnableARP), (12 bytes).
    Removing apm32f4xx_i2c.o(i.I2C_EnableAcknowledge), (14 bytes).
    Removing apm32f4xx_i2c.o(i.I2C_EnableDMA), (14 bytes).
    Removing apm32f4xx_i2c.o(i.I2C_EnableDMALastTransfer), (14 bytes).
    Removing apm32f4xx_i2c.o(i.I2C_EnableDualAddress), (12 bytes).
    Removing apm32f4xx_i2c.o(i.I2C_EnableGeneralCall), (12 bytes).
    Removing apm32f4xx_i2c.o(i.I2C_EnableGenerateStart), (14 bytes).
    Removing apm32f4xx_i2c.o(i.I2C_EnableGenerateStop), (14 bytes).
    Removing apm32f4xx_i2c.o(i.I2C_EnableInterrupt), (8 bytes).
    Removing apm32f4xx_i2c.o(i.I2C_EnablePEC), (12 bytes).
    Removing apm32f4xx_i2c.o(i.I2C_EnablePECTransmit), (14 bytes).
    Removing apm32f4xx_i2c.o(i.I2C_EnableSoftwareReset), (14 bytes).
    Removing apm32f4xx_i2c.o(i.I2C_EnableStretchClock), (10 bytes).
    Removing apm32f4xx_i2c.o(i.I2C_ReadEventStatus), (44 bytes).
    Removing apm32f4xx_i2c.o(i.I2C_ReadIntFlag), (36 bytes).
    Removing apm32f4xx_i2c.o(i.I2C_ReadLastEvent), (30 bytes).
    Removing apm32f4xx_i2c.o(i.I2C_ReadPEC), (10 bytes).
    Removing apm32f4xx_i2c.o(i.I2C_ReadRegister), (78 bytes).
    Removing apm32f4xx_i2c.o(i.I2C_ReadStatusFlag), (208 bytes).
    Removing apm32f4xx_i2c.o(i.I2C_Reset), (88 bytes).
    Removing apm32f4xx_i2c.o(i.I2C_RxData), (8 bytes).
    Removing apm32f4xx_i2c.o(i.I2C_Tx7BitAddress), (32 bytes).
    Removing apm32f4xx_i2c.o(i.I2C_TxData), (10 bytes).
    Removing apm32f4xx_iwdt.o(.rev16_text), (4 bytes).
    Removing apm32f4xx_iwdt.o(.revsh_text), (4 bytes).
    Removing apm32f4xx_iwdt.o(.rrx_text), (6 bytes).
    Removing apm32f4xx_iwdt.o(i.IWDT_ConfigDivider), (12 bytes).
    Removing apm32f4xx_iwdt.o(i.IWDT_ConfigReload), (12 bytes).
    Removing apm32f4xx_iwdt.o(i.IWDT_DisableWriteAccess), (20 bytes).
    Removing apm32f4xx_iwdt.o(i.IWDT_Enable), (16 bytes).
    Removing apm32f4xx_iwdt.o(i.IWDT_EnableWriteAccess), (24 bytes).
    Removing apm32f4xx_iwdt.o(i.IWDT_ReadStatusFlag), (24 bytes).
    Removing apm32f4xx_iwdt.o(i.IWDT_Refresh), (16 bytes).
    Removing apm32f4xx_misc.o(.rev16_text), (4 bytes).
    Removing apm32f4xx_misc.o(.revsh_text), (4 bytes).
    Removing apm32f4xx_misc.o(.rrx_text), (6 bytes).
    Removing apm32f4xx_misc.o(i.NVIC_ConfigPriorityGroup), (20 bytes).
    Removing apm32f4xx_misc.o(i.NVIC_ConfigVectorTable), (20 bytes).
    Removing apm32f4xx_misc.o(i.NVIC_DisableIRQRequest), (24 bytes).
    Removing apm32f4xx_misc.o(i.NVIC_EnableIRQRequest), (160 bytes).
    Removing apm32f4xx_misc.o(i.NVIC_ResetystemLowPower), (16 bytes).
    Removing apm32f4xx_misc.o(i.NVIC_SetSystemLowPower), (16 bytes).
    Removing apm32f4xx_misc.o(i.SysTick_ConfigCLKSource), (40 bytes).
    Removing apm32f4xx_pmu.o(.rev16_text), (4 bytes).
    Removing apm32f4xx_pmu.o(.revsh_text), (4 bytes).
    Removing apm32f4xx_pmu.o(.rrx_text), (6 bytes).
    Removing apm32f4xx_pmu.o(i.PMU_ClearStatusFlag), (44 bytes).
    Removing apm32f4xx_pmu.o(i.PMU_ConfigMainRegulatorMode), (28 bytes).
    Removing apm32f4xx_pmu.o(i.PMU_ConfigPVDLevel), (28 bytes).
    Removing apm32f4xx_pmu.o(i.PMU_DisableBackupAccess), (20 bytes).
    Removing apm32f4xx_pmu.o(i.PMU_DisableBackupRegulator), (20 bytes).
    Removing apm32f4xx_pmu.o(i.PMU_DisableFlashPowerDown), (20 bytes).
    Removing apm32f4xx_pmu.o(i.PMU_DisablePVD), (20 bytes).
    Removing apm32f4xx_pmu.o(i.PMU_DisableWakeUpPin), (20 bytes).
    Removing apm32f4xx_pmu.o(i.PMU_EnableBackupAccess), (24 bytes).
    Removing apm32f4xx_pmu.o(i.PMU_EnableBackupRegulator), (24 bytes).
    Removing apm32f4xx_pmu.o(i.PMU_EnableFlashPowerDown), (24 bytes).
    Removing apm32f4xx_pmu.o(i.PMU_EnablePVD), (20 bytes).
    Removing apm32f4xx_pmu.o(i.PMU_EnableWakeUpPin), (24 bytes).
    Removing apm32f4xx_pmu.o(i.PMU_EnterSTANDBYMode), (44 bytes).
    Removing apm32f4xx_pmu.o(i.PMU_EnterSTOPMode), (76 bytes).
    Removing apm32f4xx_pmu.o(i.PMU_ReadStatusFlag), (76 bytes).
    Removing apm32f4xx_pmu.o(i.PMU_Reset), (20 bytes).
    Removing apm32f4xx_rcm.o(.rev16_text), (4 bytes).
    Removing apm32f4xx_rcm.o(.revsh_text), (4 bytes).
    Removing apm32f4xx_rcm.o(.rrx_text), (6 bytes).
    Removing apm32f4xx_rcm.o(i.RCM_ClearIntFlag), (20 bytes).
    Removing apm32f4xx_rcm.o(i.RCM_ClearStatusFlag), (24 bytes).
    Removing apm32f4xx_rcm.o(i.RCM_ConfigAHB), (20 bytes).
    Removing apm32f4xx_rcm.o(i.RCM_ConfigAPB1), (20 bytes).
    Removing apm32f4xx_rcm.o(i.RCM_ConfigAPB2), (20 bytes).
    Removing apm32f4xx_rcm.o(i.RCM_ConfigHSE), (84 bytes).
    Removing apm32f4xx_rcm.o(i.RCM_ConfigHSITrim), (20 bytes).
    Removing apm32f4xx_rcm.o(i.RCM_ConfigI2SCLK), (20 bytes).
    Removing apm32f4xx_rcm.o(i.RCM_ConfigLSE), (76 bytes).
    Removing apm32f4xx_rcm.o(i.RCM_ConfigMCO1), (28 bytes).
    Removing apm32f4xx_rcm.o(i.RCM_ConfigMCO2), (28 bytes).
    Removing apm32f4xx_rcm.o(i.RCM_ConfigPLL1), (64 bytes).
    Removing apm32f4xx_rcm.o(i.RCM_ConfigPLL2), (28 bytes).
    Removing apm32f4xx_rcm.o(i.RCM_ConfigRTCCLK), (60 bytes).
    Removing apm32f4xx_rcm.o(i.RCM_ConfigSDRAM), (20 bytes).
    Removing apm32f4xx_rcm.o(i.RCM_ConfigSYSCLK), (20 bytes).
    Removing apm32f4xx_rcm.o(i.RCM_DisableAHB1PeriphClock), (16 bytes).
    Removing apm32f4xx_rcm.o(i.RCM_DisableAHB1PeriphClockLPMode), (16 bytes).
    Removing apm32f4xx_rcm.o(i.RCM_DisableAHB1PeriphReset), (16 bytes).
    Removing apm32f4xx_rcm.o(i.RCM_DisableAHB2PeriphClock), (16 bytes).
    Removing apm32f4xx_rcm.o(i.RCM_DisableAHB2PeriphClockLPMode), (16 bytes).
    Removing apm32f4xx_rcm.o(i.RCM_DisableAHB2PeriphReset), (16 bytes).
    Removing apm32f4xx_rcm.o(i.RCM_DisableAPB1PeriphClock), (16 bytes).
    Removing apm32f4xx_rcm.o(i.RCM_DisableAPB1PeriphClockLPMode), (16 bytes).
    Removing apm32f4xx_rcm.o(i.RCM_DisableAPB1PeriphReset), (16 bytes).
    Removing apm32f4xx_rcm.o(i.RCM_DisableAPB2PeriphClock), (16 bytes).
    Removing apm32f4xx_rcm.o(i.RCM_DisableAPB2PeriphClockLPMode), (16 bytes).
    Removing apm32f4xx_rcm.o(i.RCM_DisableAPB2PeriphReset), (16 bytes).
    Removing apm32f4xx_rcm.o(i.RCM_DisableBackupReset), (20 bytes).
    Removing apm32f4xx_rcm.o(i.RCM_DisableCSS), (20 bytes).
    Removing apm32f4xx_rcm.o(i.RCM_DisableHSI), (20 bytes).
    Removing apm32f4xx_rcm.o(i.RCM_DisableInterrupt), (20 bytes).
    Removing apm32f4xx_rcm.o(i.RCM_DisableLSI), (20 bytes).
    Removing apm32f4xx_rcm.o(i.RCM_DisablePLL1), (20 bytes).
    Removing apm32f4xx_rcm.o(i.RCM_DisablePLL2), (20 bytes).
    Removing apm32f4xx_rcm.o(i.RCM_DisableRTCCLK), (20 bytes).
    Removing apm32f4xx_rcm.o(i.RCM_EnableAHB1PeriphClockLPMode), (16 bytes).
    Removing apm32f4xx_rcm.o(i.RCM_EnableAHB1PeriphReset), (16 bytes).
    Removing apm32f4xx_rcm.o(i.RCM_EnableAHB2PeriphClock), (16 bytes).
    Removing apm32f4xx_rcm.o(i.RCM_EnableAHB2PeriphClockLPMode), (16 bytes).
    Removing apm32f4xx_rcm.o(i.RCM_EnableAHB2PeriphReset), (16 bytes).
    Removing apm32f4xx_rcm.o(i.RCM_EnableAPB1PeriphClockLPMode), (16 bytes).
    Removing apm32f4xx_rcm.o(i.RCM_EnableAPB1PeriphReset), (16 bytes).
    Removing apm32f4xx_rcm.o(i.RCM_EnableAPB2PeriphClockLPMode), (16 bytes).
    Removing apm32f4xx_rcm.o(i.RCM_EnableAPB2PeriphReset), (16 bytes).
    Removing apm32f4xx_rcm.o(i.RCM_EnableBackupReset), (24 bytes).
    Removing apm32f4xx_rcm.o(i.RCM_EnableCSS), (24 bytes).
    Removing apm32f4xx_rcm.o(i.RCM_EnableHSI), (20 bytes).
    Removing apm32f4xx_rcm.o(i.RCM_EnableInterrupt), (20 bytes).
    Removing apm32f4xx_rcm.o(i.RCM_EnableLSI), (20 bytes).
    Removing apm32f4xx_rcm.o(i.RCM_EnablePLL1), (24 bytes).
    Removing apm32f4xx_rcm.o(i.RCM_EnablePLL2), (24 bytes).
    Removing apm32f4xx_rcm.o(i.RCM_EnableRTCCLK), (24 bytes).
    Removing apm32f4xx_rcm.o(i.RCM_ReadIntFlag), (24 bytes).
    Removing apm32f4xx_rcm.o(i.RCM_ReadSYSCLKSource), (16 bytes).
    Removing apm32f4xx_rcm.o(i.RCM_ReadStatusFlag), (68 bytes).
    Removing apm32f4xx_rcm.o(i.RCM_Reset), (88 bytes).
    Removing apm32f4xx_rcm.o(i.RCM_WaitHSEReady), (44 bytes).
    Removing apm32f4xx_rng.o(.rev16_text), (4 bytes).
    Removing apm32f4xx_rng.o(.revsh_text), (4 bytes).
    Removing apm32f4xx_rng.o(.rrx_text), (6 bytes).
    Removing apm32f4xx_rng.o(i.DisableInterrupt), (20 bytes).
    Removing apm32f4xx_rng.o(i.EnableInterrupt), (20 bytes).
    Removing apm32f4xx_rng.o(i.RNG_ClearIntFlag), (16 bytes).
    Removing apm32f4xx_rng.o(i.RNG_ClearStatusFlag), (16 bytes).
    Removing apm32f4xx_rng.o(i.RNG_Disable), (20 bytes).
    Removing apm32f4xx_rng.o(i.RNG_Enable), (20 bytes).
    Removing apm32f4xx_rng.o(i.RNG_ReadIntFlag), (24 bytes).
    Removing apm32f4xx_rng.o(i.RNG_ReadRandomNumber), (12 bytes).
    Removing apm32f4xx_rng.o(i.RNG_ReadStatusFlag), (24 bytes).
    Removing apm32f4xx_rng.o(i.RNG_Reset), (16 bytes).
    Removing apm32f4xx_rtc.o(.rev16_text), (4 bytes).
    Removing apm32f4xx_rtc.o(.revsh_text), (4 bytes).
    Removing apm32f4xx_rtc.o(.rrx_text), (6 bytes).
    Removing apm32f4xx_rtc.o(i.RTC_Bcd2ConByte), (22 bytes).
    Removing apm32f4xx_rtc.o(i.RTC_ByteConBcd2), (28 bytes).
    Removing apm32f4xx_rtc.o(i.RTC_ClearIntFlag), (20 bytes).
    Removing apm32f4xx_rtc.o(i.RTC_ClearStatusFlag), (16 bytes).
    Removing apm32f4xx_rtc.o(i.RTC_Config), (88 bytes).
    Removing apm32f4xx_rtc.o(i.RTC_ConfigAlarm), (164 bytes).
    Removing apm32f4xx_rtc.o(i.RTC_ConfigAlarmStructInit), (22 bytes).
    Removing apm32f4xx_rtc.o(i.RTC_ConfigAlarmSubSecond), (76 bytes).
    Removing apm32f4xx_rtc.o(i.RTC_ConfigCalibOutput), (32 bytes).
    Removing apm32f4xx_rtc.o(i.RTC_ConfigCoarseCalib), (64 bytes).
    Removing apm32f4xx_rtc.o(i.RTC_ConfigDate), (168 bytes).
    Removing apm32f4xx_rtc.o(i.RTC_ConfigDateStructInit), (14 bytes).
    Removing apm32f4xx_rtc.o(i.RTC_ConfigDayLightSaving), (72 bytes).
    Removing apm32f4xx_rtc.o(i.RTC_ConfigFilter), (20 bytes).
    Removing apm32f4xx_rtc.o(i.RTC_ConfigOutput), (44 bytes).
    Removing apm32f4xx_rtc.o(i.RTC_ConfigOutputType), (20 bytes).
    Removing apm32f4xx_rtc.o(i.RTC_ConfigSamplingFreq), (20 bytes).
    Removing apm32f4xx_rtc.o(i.RTC_ConfigSmoothCalib), (80 bytes).
    Removing apm32f4xx_rtc.o(i.RTC_ConfigStructInit), (14 bytes).
    Removing apm32f4xx_rtc.o(i.RTC_ConfigSynchroShift), (92 bytes).
    Removing apm32f4xx_rtc.o(i.RTC_ConfigTamperPin), (20 bytes).
    Removing apm32f4xx_rtc.o(i.RTC_ConfigTamperTrigger), (36 bytes).
    Removing apm32f4xx_rtc.o(i.RTC_ConfigTime), (160 bytes).
    Removing apm32f4xx_rtc.o(i.RTC_ConfigTimeStampPin), (20 bytes).
    Removing apm32f4xx_rtc.o(i.RTC_ConfigTimeStructInit), (12 bytes).
    Removing apm32f4xx_rtc.o(i.RTC_ConfigWakeUpClock), (32 bytes).
    Removing apm32f4xx_rtc.o(i.RTC_ConfigWakeUpValue), (24 bytes).
    Removing apm32f4xx_rtc.o(i.RTC_DisableAlarmA), (84 bytes).
    Removing apm32f4xx_rtc.o(i.RTC_DisableAlarmB), (84 bytes).
    Removing apm32f4xx_rtc.o(i.RTC_DisableBypassShadow), (28 bytes).
    Removing apm32f4xx_rtc.o(i.RTC_DisableCalibOutput), (28 bytes).
    Removing apm32f4xx_rtc.o(i.RTC_DisableCoarseCalib), (48 bytes).
    Removing apm32f4xx_rtc.o(i.RTC_DisableInit), (20 bytes).
    Removing apm32f4xx_rtc.o(i.RTC_DisableInterrupt), (52 bytes).
    Removing apm32f4xx_rtc.o(i.RTC_DisablePullUp), (24 bytes).
    Removing apm32f4xx_rtc.o(i.RTC_DisableRefClock), (48 bytes).
    Removing apm32f4xx_rtc.o(i.RTC_DisableTDE), (20 bytes).
    Removing apm32f4xx_rtc.o(i.RTC_DisableTamper), (36 bytes).
    Removing apm32f4xx_rtc.o(i.RTC_DisableTimeStamp), (28 bytes).
    Removing apm32f4xx_rtc.o(i.RTC_DisableWakeUp), (84 bytes).
    Removing apm32f4xx_rtc.o(i.RTC_DisableWriteProtection), (16 bytes).
    Removing apm32f4xx_rtc.o(i.RTC_EnableAlarmA), (32 bytes).
    Removing apm32f4xx_rtc.o(i.RTC_EnableAlarmB), (32 bytes).
    Removing apm32f4xx_rtc.o(i.RTC_EnableBypassShadow), (32 bytes).
    Removing apm32f4xx_rtc.o(i.RTC_EnableCalibOutput), (32 bytes).
    Removing apm32f4xx_rtc.o(i.RTC_EnableCoarseCalib), (52 bytes).
    Removing apm32f4xx_rtc.o(i.RTC_EnableInit), (80 bytes).
    Removing apm32f4xx_rtc.o(i.RTC_EnableInterrupt), (52 bytes).
    Removing apm32f4xx_rtc.o(i.RTC_EnablePullUp), (20 bytes).
    Removing apm32f4xx_rtc.o(i.RTC_EnableRefClock), (52 bytes).
    Removing apm32f4xx_rtc.o(i.RTC_EnableTDE), (20 bytes).
    Removing apm32f4xx_rtc.o(i.RTC_EnableTamper), (40 bytes).
    Removing apm32f4xx_rtc.o(i.RTC_EnableTimeStamp), (56 bytes).
    Removing apm32f4xx_rtc.o(i.RTC_EnableWakeUp), (32 bytes).
    Removing apm32f4xx_rtc.o(i.RTC_EnableWriteProtection), (12 bytes).
    Removing apm32f4xx_rtc.o(i.RTC_PinsPrechargeDuration), (20 bytes).
    Removing apm32f4xx_rtc.o(i.RTC_ReadAlarm), (464 bytes).
    Removing apm32f4xx_rtc.o(i.RTC_ReadAlarmSubSecond), (36 bytes).
    Removing apm32f4xx_rtc.o(i.RTC_ReadBackup), (16 bytes).
    Removing apm32f4xx_rtc.o(i.RTC_ReadDate), (80 bytes).
    Removing apm32f4xx_rtc.o(i.RTC_ReadIntFlag), (72 bytes).
    Removing apm32f4xx_rtc.o(i.RTC_ReadStatusFlag), (24 bytes).
    Removing apm32f4xx_rtc.o(i.RTC_ReadStoreOperation), (16 bytes).
    Removing apm32f4xx_rtc.o(i.RTC_ReadSubSecond), (20 bytes).
    Removing apm32f4xx_rtc.o(i.RTC_ReadTime), (76 bytes).
    Removing apm32f4xx_rtc.o(i.RTC_ReadTimeDate), (148 bytes).
    Removing apm32f4xx_rtc.o(i.RTC_ReadTimeStampSubSecond), (12 bytes).
    Removing apm32f4xx_rtc.o(i.RTC_ReadWakeUpValue), (12 bytes).
    Removing apm32f4xx_rtc.o(i.RTC_Reset), (204 bytes).
    Removing apm32f4xx_rtc.o(i.RTC_WaitForSynchro), (80 bytes).
    Removing apm32f4xx_rtc.o(i.RTC_WriteBackup), (12 bytes).
    Removing apm32f4xx_sdio.o(.rev16_text), (4 bytes).
    Removing apm32f4xx_sdio.o(.revsh_text), (4 bytes).
    Removing apm32f4xx_sdio.o(.rrx_text), (6 bytes).
    Removing apm32f4xx_sdio.o(i.SDIO_ClearIntFlag), (12 bytes).
    Removing apm32f4xx_sdio.o(i.SDIO_ClearStatusFlag), (12 bytes).
    Removing apm32f4xx_sdio.o(i.SDIO_Config), (92 bytes).
    Removing apm32f4xx_sdio.o(i.SDIO_ConfigData), (56 bytes).
    Removing apm32f4xx_sdio.o(i.SDIO_ConfigDataStructInit), (20 bytes).
    Removing apm32f4xx_sdio.o(i.SDIO_ConfigPowerState), (20 bytes).
    Removing apm32f4xx_sdio.o(i.SDIO_ConfigSDIOReadWaitMode), (20 bytes).
    Removing apm32f4xx_sdio.o(i.SDIO_ConfigStructInit), (16 bytes).
    Removing apm32f4xx_sdio.o(i.SDIO_DisableCEATAInterrupt), (24 bytes).
    Removing apm32f4xx_sdio.o(i.SDIO_DisableClock), (20 bytes).
    Removing apm32f4xx_sdio.o(i.SDIO_DisableCommandCompletion), (20 bytes).
    Removing apm32f4xx_sdio.o(i.SDIO_DisableDMA), (20 bytes).
    Removing apm32f4xx_sdio.o(i.SDIO_DisableInterrupt), (16 bytes).
    Removing apm32f4xx_sdio.o(i.SDIO_DisableSDIO), (20 bytes).
    Removing apm32f4xx_sdio.o(i.SDIO_DisableStartReadWait), (20 bytes).
    Removing apm32f4xx_sdio.o(i.SDIO_DisableStopReadWait), (20 bytes).
    Removing apm32f4xx_sdio.o(i.SDIO_DisableTxCEATA), (20 bytes).
    Removing apm32f4xx_sdio.o(i.SDIO_DisableTxSDIOSuspend), (20 bytes).
    Removing apm32f4xx_sdio.o(i.SDIO_EnableCEATAInterrupt), (20 bytes).
    Removing apm32f4xx_sdio.o(i.SDIO_EnableClock), (24 bytes).
    Removing apm32f4xx_sdio.o(i.SDIO_EnableCommandCompletion), (24 bytes).
    Removing apm32f4xx_sdio.o(i.SDIO_EnableDMA), (20 bytes).
    Removing apm32f4xx_sdio.o(i.SDIO_EnableInterrupt), (16 bytes).
    Removing apm32f4xx_sdio.o(i.SDIO_EnableSDIO), (24 bytes).
    Removing apm32f4xx_sdio.o(i.SDIO_EnableStartReadWait), (24 bytes).
    Removing apm32f4xx_sdio.o(i.SDIO_EnableStopReadWait), (24 bytes).
    Removing apm32f4xx_sdio.o(i.SDIO_EnableTxCEATA), (24 bytes).
    Removing apm32f4xx_sdio.o(i.SDIO_EnableTxSDIOSuspend), (24 bytes).
    Removing apm32f4xx_sdio.o(i.SDIO_ReadCommandResponse), (12 bytes).
    Removing apm32f4xx_sdio.o(i.SDIO_ReadData), (12 bytes).
    Removing apm32f4xx_sdio.o(i.SDIO_ReadDataCounter), (12 bytes).
    Removing apm32f4xx_sdio.o(i.SDIO_ReadFIFOCount), (12 bytes).
    Removing apm32f4xx_sdio.o(i.SDIO_ReadIntFlag), (36 bytes).
    Removing apm32f4xx_sdio.o(i.SDIO_ReadPowerState), (16 bytes).
    Removing apm32f4xx_sdio.o(i.SDIO_ReadResponse), (24 bytes).
    Removing apm32f4xx_sdio.o(i.SDIO_ReadStatusFlag), (24 bytes).
    Removing apm32f4xx_sdio.o(i.SDIO_Reset), (20 bytes).
    Removing apm32f4xx_sdio.o(i.SDIO_TxCommand), (52 bytes).
    Removing apm32f4xx_sdio.o(i.SDIO_TxCommandStructInit), (14 bytes).
    Removing apm32f4xx_sdio.o(i.SDIO_WriteData), (12 bytes).
    Removing apm32f4xx_smc.o(.rev16_text), (4 bytes).
    Removing apm32f4xx_smc.o(.revsh_text), (4 bytes).
    Removing apm32f4xx_smc.o(.rrx_text), (6 bytes).
    Removing apm32f4xx_smc.o(i.SMC_ClearIntFlag), (68 bytes).
    Removing apm32f4xx_smc.o(i.SMC_ClearStatusFlag), (60 bytes).
    Removing apm32f4xx_smc.o(i.SMC_ConfigNAND), (604 bytes).
    Removing apm32f4xx_smc.o(i.SMC_ConfigNANDStructInit), (52 bytes).
    Removing apm32f4xx_smc.o(i.SMC_ConfigNORSRAM), (2052 bytes).
    Removing apm32f4xx_smc.o(i.SMC_ConfigNORSRAMStructInit), (110 bytes).
    Removing apm32f4xx_smc.o(i.SMC_ConfigPCCard), (340 bytes).
    Removing apm32f4xx_smc.o(i.SMC_ConfigPCCardStructInit), (60 bytes).
    Removing apm32f4xx_smc.o(i.SMC_DisableInterrupt), (60 bytes).
    Removing apm32f4xx_smc.o(i.SMC_DisableNAND), (48 bytes).
    Removing apm32f4xx_smc.o(i.SMC_DisableNANDECC), (48 bytes).
    Removing apm32f4xx_smc.o(i.SMC_DisableNORSRAM), (86 bytes).
    Removing apm32f4xx_smc.o(i.SMC_DisablePCCARD), (24 bytes).
    Removing apm32f4xx_smc.o(i.SMC_EnableInterrupt), (60 bytes).
    Removing apm32f4xx_smc.o(i.SMC_EnableNAND), (52 bytes).
    Removing apm32f4xx_smc.o(i.SMC_EnableNANDECC), (52 bytes).
    Removing apm32f4xx_smc.o(i.SMC_EnableNORSRAM), (94 bytes).
    Removing apm32f4xx_smc.o(i.SMC_EnablePCCARD), (24 bytes).
    Removing apm32f4xx_smc.o(i.SMC_ReadECC), (28 bytes).
    Removing apm32f4xx_smc.o(i.SMC_ReadIntFlag), (60 bytes).
    Removing apm32f4xx_smc.o(i.SMC_ReadStatusFlag), (64 bytes).
    Removing apm32f4xx_smc.o(i.SMC_ResetNAND), (68 bytes).
    Removing apm32f4xx_smc.o(i.SMC_ResetNORSRAM), (112 bytes).
    Removing apm32f4xx_smc.o(i.SMC_ResetPCCard), (40 bytes).
    Removing apm32f4xx_spi.o(.rev16_text), (4 bytes).
    Removing apm32f4xx_spi.o(.revsh_text), (4 bytes).
    Removing apm32f4xx_spi.o(.rrx_text), (6 bytes).
    Removing apm32f4xx_spi.o(i.I2S_Config), (256 bytes).
    Removing apm32f4xx_spi.o(i.I2S_ConfigFullDuplex), (162 bytes).
    Removing apm32f4xx_spi.o(i.I2S_ConfigStructInit), (20 bytes).
    Removing apm32f4xx_spi.o(i.I2S_Disable), (10 bytes).
    Removing apm32f4xx_spi.o(i.I2S_Enable), (14 bytes).
    Removing apm32f4xx_spi.o(i.SPI_Config), (126 bytes).
    Removing apm32f4xx_spi.o(i.SPI_ConfigBiDirectionalLine), (10 bytes).
    Removing apm32f4xx_spi.o(i.SPI_ConfigDataSize), (10 bytes).
    Removing apm32f4xx_spi.o(i.SPI_ConfigStructInit), (24 bytes).
    Removing apm32f4xx_spi.o(i.SPI_Disable), (10 bytes).
    Removing apm32f4xx_spi.o(i.SPI_DisableCRC), (10 bytes).
    Removing apm32f4xx_spi.o(i.SPI_DisableSSOutput), (10 bytes).
    Removing apm32f4xx_spi.o(i.SPI_DisableTIMode), (10 bytes).
    Removing apm32f4xx_spi.o(i.SPI_Enable), (12 bytes).
    Removing apm32f4xx_spi.o(i.SPI_EnableCRC), (14 bytes).
    Removing apm32f4xx_spi.o(i.SPI_EnableSSOutput), (12 bytes).
    Removing apm32f4xx_spi.o(i.SPI_EnableTIMode), (12 bytes).
    Removing apm32f4xx_spi.o(i.SPI_I2S_ClearIntFlag), (18 bytes).
    Removing apm32f4xx_spi.o(i.SPI_I2S_ClearStatusFlag), (14 bytes).
    Removing apm32f4xx_spi.o(i.SPI_I2S_DisableDMA), (22 bytes).
    Removing apm32f4xx_spi.o(i.SPI_I2S_DisableInterrupt), (10 bytes).
    Removing apm32f4xx_spi.o(i.SPI_I2S_EnableDMA), (26 bytes).
    Removing apm32f4xx_spi.o(i.SPI_I2S_EnableInterrupt), (10 bytes).
    Removing apm32f4xx_spi.o(i.SPI_I2S_ReadIntFlag), (28 bytes).
    Removing apm32f4xx_spi.o(i.SPI_I2S_ReadStatusFlag), (16 bytes).
    Removing apm32f4xx_spi.o(i.SPI_I2S_Reset), (156 bytes).
    Removing apm32f4xx_spi.o(i.SPI_I2S_RxData), (8 bytes).
    Removing apm32f4xx_spi.o(i.SPI_I2S_TxData), (4 bytes).
    Removing apm32f4xx_spi.o(i.SPI_ReadCRCPolynomial), (8 bytes).
    Removing apm32f4xx_spi.o(i.SPI_ReadRxCRC), (8 bytes).
    Removing apm32f4xx_spi.o(i.SPI_ReadTxCRC), (8 bytes).
    Removing apm32f4xx_spi.o(i.SPI_ResetSoftwareNSS), (10 bytes).
    Removing apm32f4xx_spi.o(i.SPI_SetSoftwareNSS), (14 bytes).
    Removing apm32f4xx_spi.o(i.SPI_TxCRC), (14 bytes).
    Removing apm32f4xx_syscfg.o(.rev16_text), (4 bytes).
    Removing apm32f4xx_syscfg.o(.revsh_text), (4 bytes).
    Removing apm32f4xx_syscfg.o(.rrx_text), (6 bytes).
    Removing apm32f4xx_syscfg.o(i.SYSCFG_ConfigEINTLine), (108 bytes).
    Removing apm32f4xx_syscfg.o(i.SYSCFG_ConfigMediaInterface), (20 bytes).
    Removing apm32f4xx_syscfg.o(i.SYSCFG_ConfigMemoryRemap), (20 bytes).
    Removing apm32f4xx_syscfg.o(i.SYSCFG_DisableCompensationCell), (20 bytes).
    Removing apm32f4xx_syscfg.o(i.SYSCFG_EnableCompensationCell), (20 bytes).
    Removing apm32f4xx_syscfg.o(i.SYSCFG_ReadCompensationCellStatus), (16 bytes).
    Removing apm32f4xx_syscfg.o(i.SYSCFG_Reset), (20 bytes).
    Removing apm32f4xx_tmr.o(.rev16_text), (4 bytes).
    Removing apm32f4xx_tmr.o(.revsh_text), (4 bytes).
    Removing apm32f4xx_tmr.o(.rrx_text), (6 bytes).
    Removing apm32f4xx_tmr.o(i.TI1Config), (168 bytes).
    Removing apm32f4xx_tmr.o(i.TI2Config), (176 bytes).
    Removing apm32f4xx_tmr.o(i.TI3Config), (180 bytes).
    Removing apm32f4xx_tmr.o(i.TI4Config), (78 bytes).
    Removing apm32f4xx_tmr.o(i.TMR_ClearIntFlag), (6 bytes).
    Removing apm32f4xx_tmr.o(i.TMR_ClearOC1Ref), (10 bytes).
    Removing apm32f4xx_tmr.o(i.TMR_ClearOC2Ref), (10 bytes).
    Removing apm32f4xx_tmr.o(i.TMR_ClearOC3Ref), (10 bytes).
    Removing apm32f4xx_tmr.o(i.TMR_ClearOC4Ref), (10 bytes).
    Removing apm32f4xx_tmr.o(i.TMR_ClearStatusFlag), (6 bytes).
    Removing apm32f4xx_tmr.o(i.TMR_ConfigAutoreload), (6 bytes).
    Removing apm32f4xx_tmr.o(i.TMR_ConfigBDT), (42 bytes).
    Removing apm32f4xx_tmr.o(i.TMR_ConfigBDTStructInit), (18 bytes).
    Removing apm32f4xx_tmr.o(i.TMR_ConfigClockDivision), (10 bytes).
    Removing apm32f4xx_tmr.o(i.TMR_ConfigCompare1), (4 bytes).
    Removing apm32f4xx_tmr.o(i.TMR_ConfigCompare2), (4 bytes).
    Removing apm32f4xx_tmr.o(i.TMR_ConfigCompare3), (4 bytes).
    Removing apm32f4xx_tmr.o(i.TMR_ConfigCompare4), (4 bytes).
    Removing apm32f4xx_tmr.o(i.TMR_ConfigCounter), (4 bytes).
    Removing apm32f4xx_tmr.o(i.TMR_ConfigCounterMode), (20 bytes).
    Removing apm32f4xx_tmr.o(i.TMR_ConfigDMA), (8 bytes).
    Removing apm32f4xx_tmr.o(i.TMR_ConfigETR), (34 bytes).
    Removing apm32f4xx_tmr.o(i.TMR_ConfigETRClockMode1), (44 bytes).
    Removing apm32f4xx_tmr.o(i.TMR_ConfigETRClockMode2), (36 bytes).
    Removing apm32f4xx_tmr.o(i.TMR_ConfigEncodeInterface), (90 bytes).
    Removing apm32f4xx_tmr.o(i.TMR_ConfigForcedOC1), (10 bytes).
    Removing apm32f4xx_tmr.o(i.TMR_ConfigForcedOC2), (10 bytes).
    Removing apm32f4xx_tmr.o(i.TMR_ConfigForcedOC3), (10 bytes).
    Removing apm32f4xx_tmr.o(i.TMR_ConfigForcedOC4), (10 bytes).
    Removing apm32f4xx_tmr.o(i.TMR_ConfigIC), (116 bytes).
    Removing apm32f4xx_tmr.o(i.TMR_ConfigIC1Prescaler), (10 bytes).
    Removing apm32f4xx_tmr.o(i.TMR_ConfigIC2Prescaler), (10 bytes).
    Removing apm32f4xx_tmr.o(i.TMR_ConfigIC3Prescaler), (10 bytes).
    Removing apm32f4xx_tmr.o(i.TMR_ConfigIC4Prescaler), (10 bytes).
    Removing apm32f4xx_tmr.o(i.TMR_ConfigICStructInit), (18 bytes).
    Removing apm32f4xx_tmr.o(i.TMR_ConfigIntTrigExternalClock), (26 bytes).
    Removing apm32f4xx_tmr.o(i.TMR_ConfigInternalClock), (10 bytes).
    Removing apm32f4xx_tmr.o(i.TMR_ConfigOC1), (112 bytes).
    Removing apm32f4xx_tmr.o(i.TMR_ConfigOC1Fast), (10 bytes).
    Removing apm32f4xx_tmr.o(i.TMR_ConfigOC1NPolarity), (10 bytes).
    Removing apm32f4xx_tmr.o(i.TMR_ConfigOC1Polarity), (10 bytes).
    Removing apm32f4xx_tmr.o(i.TMR_ConfigOC1Preload), (10 bytes).
    Removing apm32f4xx_tmr.o(i.TMR_ConfigOC2), (128 bytes).
    Removing apm32f4xx_tmr.o(i.TMR_ConfigOC2Fast), (10 bytes).
    Removing apm32f4xx_tmr.o(i.TMR_ConfigOC2NPolarity), (10 bytes).
    Removing apm32f4xx_tmr.o(i.TMR_ConfigOC2Polarity), (10 bytes).
    Removing apm32f4xx_tmr.o(i.TMR_ConfigOC2Preload), (10 bytes).
    Removing apm32f4xx_tmr.o(i.TMR_ConfigOC3), (128 bytes).
    Removing apm32f4xx_tmr.o(i.TMR_ConfigOC3Fast), (10 bytes).
    Removing apm32f4xx_tmr.o(i.TMR_ConfigOC3NPolarity), (10 bytes).
    Removing apm32f4xx_tmr.o(i.TMR_ConfigOC3Polarity), (10 bytes).
    Removing apm32f4xx_tmr.o(i.TMR_ConfigOC3Preload), (10 bytes).
    Removing apm32f4xx_tmr.o(i.TMR_ConfigOC4), (92 bytes).
    Removing apm32f4xx_tmr.o(i.TMR_ConfigOC4Fast), (10 bytes).
    Removing apm32f4xx_tmr.o(i.TMR_ConfigOC4Polarity), (10 bytes).
    Removing apm32f4xx_tmr.o(i.TMR_ConfigOC4Preload), (10 bytes).
    Removing apm32f4xx_tmr.o(i.TMR_ConfigOCStructInit), (20 bytes).
    Removing apm32f4xx_tmr.o(i.TMR_ConfigPWM), (124 bytes).
    Removing apm32f4xx_tmr.o(i.TMR_ConfigPrescaler), (18 bytes).
    Removing apm32f4xx_tmr.o(i.TMR_ConfigRemap), (4 bytes).
    Removing apm32f4xx_tmr.o(i.TMR_ConfigSinglePulseMode), (10 bytes).
    Removing apm32f4xx_tmr.o(i.TMR_ConfigTimeBase), (144 bytes).
    Removing apm32f4xx_tmr.o(i.TMR_ConfigTimeBaseStructInit), (20 bytes).
    Removing apm32f4xx_tmr.o(i.TMR_ConfigTrigExternalClock), (64 bytes).
    Removing apm32f4xx_tmr.o(i.TMR_ConfigUpdateRequest), (10 bytes).
    Removing apm32f4xx_tmr.o(i.TMR_Disable), (10 bytes).
    Removing apm32f4xx_tmr.o(i.TMR_DisableAutoReload), (10 bytes).
    Removing apm32f4xx_tmr.o(i.TMR_DisableCCDMA), (10 bytes).
    Removing apm32f4xx_tmr.o(i.TMR_DisableCCPreload), (10 bytes).
    Removing apm32f4xx_tmr.o(i.TMR_DisableCCxChannel), (54 bytes).
    Removing apm32f4xx_tmr.o(i.TMR_DisableCCxNChannel), (40 bytes).
    Removing apm32f4xx_tmr.o(i.TMR_DisableDMASoure), (8 bytes).
    Removing apm32f4xx_tmr.o(i.TMR_DisableHallSensor), (10 bytes).
    Removing apm32f4xx_tmr.o(i.TMR_DisableInterrupt), (8 bytes).
    Removing apm32f4xx_tmr.o(i.TMR_DisableMasterSlaveMode), (10 bytes).
    Removing apm32f4xx_tmr.o(i.TMR_DisablePWMOutputs), (10 bytes).
    Removing apm32f4xx_tmr.o(i.TMR_DisableSelectCOM), (10 bytes).
    Removing apm32f4xx_tmr.o(i.TMR_DisableUpdate), (12 bytes).
    Removing apm32f4xx_tmr.o(i.TMR_Enable), (12 bytes).
    Removing apm32f4xx_tmr.o(i.TMR_EnableAutoReload), (12 bytes).
    Removing apm32f4xx_tmr.o(i.TMR_EnableCCDMA), (12 bytes).
    Removing apm32f4xx_tmr.o(i.TMR_EnableCCPreload), (12 bytes).
    Removing apm32f4xx_tmr.o(i.TMR_EnableCCxChannel), (66 bytes).
    Removing apm32f4xx_tmr.o(i.TMR_EnableCCxNChannel), (48 bytes).
    Removing apm32f4xx_tmr.o(i.TMR_EnableDMASoure), (8 bytes).
    Removing apm32f4xx_tmr.o(i.TMR_EnableHallSensor), (12 bytes).
    Removing apm32f4xx_tmr.o(i.TMR_EnableInterrupt), (8 bytes).
    Removing apm32f4xx_tmr.o(i.TMR_EnableMasterSlaveMode), (12 bytes).
    Removing apm32f4xx_tmr.o(i.TMR_EnablePWMOutputs), (14 bytes).
    Removing apm32f4xx_tmr.o(i.TMR_EnableSelectCOM), (12 bytes).
    Removing apm32f4xx_tmr.o(i.TMR_EnableUpdate), (10 bytes).
    Removing apm32f4xx_tmr.o(i.TMR_GenerateEvent), (4 bytes).
    Removing apm32f4xx_tmr.o(i.TMR_ReadCaputer1), (6 bytes).
    Removing apm32f4xx_tmr.o(i.TMR_ReadCaputer2), (6 bytes).
    Removing apm32f4xx_tmr.o(i.TMR_ReadCaputer3), (6 bytes).
    Removing apm32f4xx_tmr.o(i.TMR_ReadCaputer4), (6 bytes).
    Removing apm32f4xx_tmr.o(i.TMR_ReadCounter), (8 bytes).
    Removing apm32f4xx_tmr.o(i.TMR_ReadIntFlag), (22 bytes).
    Removing apm32f4xx_tmr.o(i.TMR_ReadPrescaler), (8 bytes).
    Removing apm32f4xx_tmr.o(i.TMR_ReadStatusFlag), (16 bytes).
    Removing apm32f4xx_tmr.o(i.TMR_Reset), (348 bytes).
    Removing apm32f4xx_tmr.o(i.TMR_SelectInputTrigger), (10 bytes).
    Removing apm32f4xx_tmr.o(i.TMR_SelectOCxMode), (54 bytes).
    Removing apm32f4xx_tmr.o(i.TMR_SelectOutputTrigger), (10 bytes).
    Removing apm32f4xx_tmr.o(i.TMR_SelectSlaveMode), (10 bytes).
    Removing apm32f4xx_usart.o(.rev16_text), (4 bytes).
    Removing apm32f4xx_usart.o(.revsh_text), (4 bytes).
    Removing apm32f4xx_usart.o(.rrx_text), (6 bytes).
    Removing apm32f4xx_usart.o(i.USART_Address), (10 bytes).
    Removing apm32f4xx_usart.o(i.USART_ClearIntFlag), (16 bytes).
    Removing apm32f4xx_usart.o(i.USART_ClearStatusFlag), (8 bytes).
    Removing apm32f4xx_usart.o(i.USART_ConfigClock), (42 bytes).
    Removing apm32f4xx_usart.o(i.USART_ConfigClockStructInit), (12 bytes).
    Removing apm32f4xx_usart.o(i.USART_ConfigGuardTime), (10 bytes).
    Removing apm32f4xx_usart.o(i.USART_ConfigIrDA), (10 bytes).
    Removing apm32f4xx_usart.o(i.USART_ConfigLINBreakDetectLength), (10 bytes).
    Removing apm32f4xx_usart.o(i.USART_ConfigPrescaler), (10 bytes).
    Removing apm32f4xx_usart.o(i.USART_ConfigWakeUp), (10 bytes).
    Removing apm32f4xx_usart.o(i.USART_Disable), (10 bytes).
    Removing apm32f4xx_usart.o(i.USART_DisableDMA), (30 bytes).
    Removing apm32f4xx_usart.o(i.USART_DisableHalfDuplex), (10 bytes).
    Removing apm32f4xx_usart.o(i.USART_DisableInterrupt), (42 bytes).
    Removing apm32f4xx_usart.o(i.USART_DisableIrDA), (10 bytes).
    Removing apm32f4xx_usart.o(i.USART_DisableLIN), (10 bytes).
    Removing apm32f4xx_usart.o(i.USART_DisableMuteMode), (10 bytes).
    Removing apm32f4xx_usart.o(i.USART_DisableOverSampling), (10 bytes).
    Removing apm32f4xx_usart.o(i.USART_DisableOverSampling8), (10 bytes).
    Removing apm32f4xx_usart.o(i.USART_DisableSmartCard), (10 bytes).
    Removing apm32f4xx_usart.o(i.USART_DisableSmartCardNACK), (10 bytes).
    Removing apm32f4xx_usart.o(i.USART_EnableDMA), (20 bytes).
    Removing apm32f4xx_usart.o(i.USART_EnableHalfDuplex), (12 bytes).
    Removing apm32f4xx_usart.o(i.USART_EnableInterrupt), (40 bytes).
    Removing apm32f4xx_usart.o(i.USART_EnableIrDA), (12 bytes).
    Removing apm32f4xx_usart.o(i.USART_EnableLIN), (14 bytes).
    Removing apm32f4xx_usart.o(i.USART_EnableMuteMode), (12 bytes).
    Removing apm32f4xx_usart.o(i.USART_EnableOverSampling), (14 bytes).
    Removing apm32f4xx_usart.o(i.USART_EnableOverSampling8), (14 bytes).
    Removing apm32f4xx_usart.o(i.USART_EnableSmartCard), (12 bytes).
    Removing apm32f4xx_usart.o(i.USART_EnableSmartCardNACK), (12 bytes).
    Removing apm32f4xx_usart.o(i.USART_ReadIntFlag), (62 bytes).
    Removing apm32f4xx_usart.o(i.USART_ReadStatusFlag), (16 bytes).
    Removing apm32f4xx_usart.o(i.USART_Reset), (216 bytes).
    Removing apm32f4xx_usart.o(i.USART_RxData), (10 bytes).
    Removing apm32f4xx_usart.o(i.USART_TxBreak), (12 bytes).
    Removing apm32f4xx_usart.o(i.USART_TxData), (10 bytes).
    Removing apm32f4xx_wwdt.o(.rev16_text), (4 bytes).
    Removing apm32f4xx_wwdt.o(.revsh_text), (4 bytes).
    Removing apm32f4xx_wwdt.o(.rrx_text), (6 bytes).
    Removing apm32f4xx_wwdt.o(i.WWDT_ClearFlag), (20 bytes).
    Removing apm32f4xx_wwdt.o(i.WWDT_ConfigCounter), (20 bytes).
    Removing apm32f4xx_wwdt.o(i.WWDT_ConfigTimebase), (20 bytes).
    Removing apm32f4xx_wwdt.o(i.WWDT_ConfigWindowData), (20 bytes).
    Removing apm32f4xx_wwdt.o(i.WWDT_Enable), (16 bytes).
    Removing apm32f4xx_wwdt.o(i.WWDT_EnableEWI), (24 bytes).
    Removing apm32f4xx_wwdt.o(i.WWDT_ReadFlag), (16 bytes).
    Removing apm32f4xx_wwdt.o(i.WWDT_Reset), (20 bytes).
    Removing board.o(.rev16_text), (4 bytes).
    Removing board.o(.revsh_text), (4 bytes).
    Removing board.o(.rrx_text), (6 bytes).
    Removing board.o(i.APM_MINI_LEDOff), (36 bytes).
    Removing board.o(i.APM_MINI_LEDOn), (36 bytes).
    Removing board.o(i.APM_MINI_LEDToggle), (36 bytes).
    Removing board.o(i.APM_MINI_PBGetState), (32 bytes).
    Removing board.o(i.APM_MINI_PBInit), (156 bytes).
    Removing apm32f4xx_int.o(.rev16_text), (4 bytes).
    Removing apm32f4xx_int.o(.revsh_text), (4 bytes).
    Removing apm32f4xx_int.o(.rrx_text), (6 bytes).
    Removing main.o(.rev16_text), (4 bytes).
    Removing main.o(.revsh_text), (4 bytes).
    Removing main.o(.rrx_text), (6 bytes).
    Removing main.o(i.Delay), (18 bytes).
    Removing main.o(i.fputc), (36 bytes).
    Removing main.o(.data), (2 bytes).

873 unused section(s) (total 34044 bytes) removed from the image.

==============================================================================

Image Symbol Table

    Local Symbols

    Symbol Name                              Value     Ov Type        Size  Object(Section)

    ../clib/microlib/init/entry.s            0x00000000   Number         0  entry2.o ABSOLUTE
    ../clib/microlib/init/entry.s            0x00000000   Number         0  entry9b.o ABSOLUTE
    ../clib/microlib/init/entry.s            0x00000000   Number         0  entry9a.o ABSOLUTE
    ../clib/microlib/init/entry.s            0x00000000   Number         0  entry8b.o ABSOLUTE
    ../clib/microlib/init/entry.s            0x00000000   Number         0  entry7b.o ABSOLUTE
    ../clib/microlib/init/entry.s            0x00000000   Number         0  entry7a.o ABSOLUTE
    ../clib/microlib/init/entry.s            0x00000000   Number         0  entry5.o ABSOLUTE
    ../clib/microlib/init/entry.s            0x00000000   Number         0  entry11b.o ABSOLUTE
    ../clib/microlib/init/entry.s            0x00000000   Number         0  entry10a.o ABSOLUTE
    ../clib/microlib/init/entry.s            0x00000000   Number         0  entry10b.o ABSOLUTE
    ../clib/microlib/init/entry.s            0x00000000   Number         0  entry11a.o ABSOLUTE
    ../clib/microlib/init/entry.s            0x00000000   Number         0  entry.o ABSOLUTE
    ../clib/microlib/init/entry.s            0x00000000   Number         0  entry8a.o ABSOLUTE
    ..\..\..\..\..\Boards\Board.c            0x00000000   Number         0  board.o ABSOLUTE
    ..\..\..\..\..\Libraries\APM32F4xx_StdPeriphDriver\src\apm32f4xx_adc.c 0x00000000   Number         0  apm32f4xx_adc.o ABSOLUTE
    ..\..\..\..\..\Libraries\APM32F4xx_StdPeriphDriver\src\apm32f4xx_can.c 0x00000000   Number         0  apm32f4xx_can.o ABSOLUTE
    ..\..\..\..\..\Libraries\APM32F4xx_StdPeriphDriver\src\apm32f4xx_crc.c 0x00000000   Number         0  apm32f4xx_crc.o ABSOLUTE
    ..\..\..\..\..\Libraries\APM32F4xx_StdPeriphDriver\src\apm32f4xx_cryp.c 0x00000000   Number         0  apm32f4xx_cryp.o ABSOLUTE
    ..\..\..\..\..\Libraries\APM32F4xx_StdPeriphDriver\src\apm32f4xx_cryp_aes.c 0x00000000   Number         0  apm32f4xx_cryp_aes.o ABSOLUTE
    ..\..\..\..\..\Libraries\APM32F4xx_StdPeriphDriver\src\apm32f4xx_cryp_des.c 0x00000000   Number         0  apm32f4xx_cryp_des.o ABSOLUTE
    ..\..\..\..\..\Libraries\APM32F4xx_StdPeriphDriver\src\apm32f4xx_cryp_tdes.c 0x00000000   Number         0  apm32f4xx_cryp_tdes.o ABSOLUTE
    ..\..\..\..\..\Libraries\APM32F4xx_StdPeriphDriver\src\apm32f4xx_dac.c 0x00000000   Number         0  apm32f4xx_dac.o ABSOLUTE
    ..\..\..\..\..\Libraries\APM32F4xx_StdPeriphDriver\src\apm32f4xx_dbgmcu.c 0x00000000   Number         0  apm32f4xx_dbgmcu.o ABSOLUTE
    ..\..\..\..\..\Libraries\APM32F4xx_StdPeriphDriver\src\apm32f4xx_dci.c 0x00000000   Number         0  apm32f4xx_dci.o ABSOLUTE
    ..\..\..\..\..\Libraries\APM32F4xx_StdPeriphDriver\src\apm32f4xx_dma.c 0x00000000   Number         0  apm32f4xx_dma.o ABSOLUTE
    ..\..\..\..\..\Libraries\APM32F4xx_StdPeriphDriver\src\apm32f4xx_dmc.c 0x00000000   Number         0  apm32f4xx_dmc.o ABSOLUTE
    ..\..\..\..\..\Libraries\APM32F4xx_StdPeriphDriver\src\apm32f4xx_eint.c 0x00000000   Number         0  apm32f4xx_eint.o ABSOLUTE
    ..\..\..\..\..\Libraries\APM32F4xx_StdPeriphDriver\src\apm32f4xx_fmc.c 0x00000000   Number         0  apm32f4xx_fmc.o ABSOLUTE
    ..\..\..\..\..\Libraries\APM32F4xx_StdPeriphDriver\src\apm32f4xx_gpio.c 0x00000000   Number         0  apm32f4xx_gpio.o ABSOLUTE
    ..\..\..\..\..\Libraries\APM32F4xx_StdPeriphDriver\src\apm32f4xx_hash.c 0x00000000   Number         0  apm32f4xx_hash.o ABSOLUTE
    ..\..\..\..\..\Libraries\APM32F4xx_StdPeriphDriver\src\apm32f4xx_hash_md5.c 0x00000000   Number         0  apm32f4xx_hash_md5.o ABSOLUTE
    ..\..\..\..\..\Libraries\APM32F4xx_StdPeriphDriver\src\apm32f4xx_hash_sha1.c 0x00000000   Number         0  apm32f4xx_hash_sha1.o ABSOLUTE
    ..\..\..\..\..\Libraries\APM32F4xx_StdPeriphDriver\src\apm32f4xx_i2c.c 0x00000000   Number         0  apm32f4xx_i2c.o ABSOLUTE
    ..\..\..\..\..\Libraries\APM32F4xx_StdPeriphDriver\src\apm32f4xx_iwdt.c 0x00000000   Number         0  apm32f4xx_iwdt.o ABSOLUTE
    ..\..\..\..\..\Libraries\APM32F4xx_StdPeriphDriver\src\apm32f4xx_misc.c 0x00000000   Number         0  apm32f4xx_misc.o ABSOLUTE
    ..\..\..\..\..\Libraries\APM32F4xx_StdPeriphDriver\src\apm32f4xx_pmu.c 0x00000000   Number         0  apm32f4xx_pmu.o ABSOLUTE
    ..\..\..\..\..\Libraries\APM32F4xx_StdPeriphDriver\src\apm32f4xx_rcm.c 0x00000000   Number         0  apm32f4xx_rcm.o ABSOLUTE
    ..\..\..\..\..\Libraries\APM32F4xx_StdPeriphDriver\src\apm32f4xx_rng.c 0x00000000   Number         0  apm32f4xx_rng.o ABSOLUTE
    ..\..\..\..\..\Libraries\APM32F4xx_StdPeriphDriver\src\apm32f4xx_rtc.c 0x00000000   Number         0  apm32f4xx_rtc.o ABSOLUTE
    ..\..\..\..\..\Libraries\APM32F4xx_StdPeriphDriver\src\apm32f4xx_sdio.c 0x00000000   Number         0  apm32f4xx_sdio.o ABSOLUTE
    ..\..\..\..\..\Libraries\APM32F4xx_StdPeriphDriver\src\apm32f4xx_smc.c 0x00000000   Number         0  apm32f4xx_smc.o ABSOLUTE
    ..\..\..\..\..\Libraries\APM32F4xx_StdPeriphDriver\src\apm32f4xx_spi.c 0x00000000   Number         0  apm32f4xx_spi.o ABSOLUTE
    ..\..\..\..\..\Libraries\APM32F4xx_StdPeriphDriver\src\apm32f4xx_syscfg.c 0x00000000   Number         0  apm32f4xx_syscfg.o ABSOLUTE
    ..\..\..\..\..\Libraries\APM32F4xx_StdPeriphDriver\src\apm32f4xx_tmr.c 0x00000000   Number         0  apm32f4xx_tmr.o ABSOLUTE
    ..\..\..\..\..\Libraries\APM32F4xx_StdPeriphDriver\src\apm32f4xx_usart.c 0x00000000   Number         0  apm32f4xx_usart.o ABSOLUTE
    ..\..\..\..\..\Libraries\APM32F4xx_StdPeriphDriver\src\apm32f4xx_wwdt.c 0x00000000   Number         0  apm32f4xx_wwdt.o ABSOLUTE
    ..\..\..\..\..\Libraries\Device\Geehy\APM32F4xx\Source\arm\startup_apm32f40x.s 0x00000000   Number         0  startup_apm32f40x.o ABSOLUTE
    ..\..\Source\apm32f4xx_int.c             0x00000000   Number         0  apm32f4xx_int.o ABSOLUTE
    ..\..\Source\main.c                      0x00000000   Number         0  main.o ABSOLUTE
    ..\..\Source\system_apm32f4xx.c          0x00000000   Number         0  system_apm32f4xx.o ABSOLUTE
    ..\\..\\..\\..\\..\\Boards\\Board.c      0x00000000   Number         0  board.o ABSOLUTE
    ..\\..\\..\\..\\..\\Libraries\\APM32F4xx_StdPeriphDriver\\src\\apm32f4xx_adc.c 0x00000000   Number         0  apm32f4xx_adc.o ABSOLUTE
    ..\\..\\..\\..\\..\\Libraries\\APM32F4xx_StdPeriphDriver\\src\\apm32f4xx_can.c 0x00000000   Number         0  apm32f4xx_can.o ABSOLUTE
    ..\\..\\..\\..\\..\\Libraries\\APM32F4xx_StdPeriphDriver\\src\\apm32f4xx_crc.c 0x00000000   Number         0  apm32f4xx_crc.o ABSOLUTE
    ..\\..\\..\\..\\..\\Libraries\\APM32F4xx_StdPeriphDriver\\src\\apm32f4xx_cryp.c 0x00000000   Number         0  apm32f4xx_cryp.o ABSOLUTE
    ..\\..\\..\\..\\..\\Libraries\\APM32F4xx_StdPeriphDriver\\src\\apm32f4xx_cryp_aes.c 0x00000000   Number         0  apm32f4xx_cryp_aes.o ABSOLUTE
    ..\\..\\..\\..\\..\\Libraries\\APM32F4xx_StdPeriphDriver\\src\\apm32f4xx_cryp_des.c 0x00000000   Number         0  apm32f4xx_cryp_des.o ABSOLUTE
    ..\\..\\..\\..\\..\\Libraries\\APM32F4xx_StdPeriphDriver\\src\\apm32f4xx_cryp_tdes.c 0x00000000   Number         0  apm32f4xx_cryp_tdes.o ABSOLUTE
    ..\\..\\..\\..\\..\\Libraries\\APM32F4xx_StdPeriphDriver\\src\\apm32f4xx_dac.c 0x00000000   Number         0  apm32f4xx_dac.o ABSOLUTE
    ..\\..\\..\\..\\..\\Libraries\\APM32F4xx_StdPeriphDriver\\src\\apm32f4xx_dbgmcu.c 0x00000000   Number         0  apm32f4xx_dbgmcu.o ABSOLUTE
    ..\\..\\..\\..\\..\\Libraries\\APM32F4xx_StdPeriphDriver\\src\\apm32f4xx_dci.c 0x00000000   Number         0  apm32f4xx_dci.o ABSOLUTE
    ..\\..\\..\\..\\..\\Libraries\\APM32F4xx_StdPeriphDriver\\src\\apm32f4xx_dma.c 0x00000000   Number         0  apm32f4xx_dma.o ABSOLUTE
    ..\\..\\..\\..\\..\\Libraries\\APM32F4xx_StdPeriphDriver\\src\\apm32f4xx_dmc.c 0x00000000   Number         0  apm32f4xx_dmc.o ABSOLUTE
    ..\\..\\..\\..\\..\\Libraries\\APM32F4xx_StdPeriphDriver\\src\\apm32f4xx_eint.c 0x00000000   Number         0  apm32f4xx_eint.o ABSOLUTE
    ..\\..\\..\\..\\..\\Libraries\\APM32F4xx_StdPeriphDriver\\src\\apm32f4xx_fmc.c 0x00000000   Number         0  apm32f4xx_fmc.o ABSOLUTE
    ..\\..\\..\\..\\..\\Libraries\\APM32F4xx_StdPeriphDriver\\src\\apm32f4xx_gpio.c 0x00000000   Number         0  apm32f4xx_gpio.o ABSOLUTE
    ..\\..\\..\\..\\..\\Libraries\\APM32F4xx_StdPeriphDriver\\src\\apm32f4xx_hash.c 0x00000000   Number         0  apm32f4xx_hash.o ABSOLUTE
    ..\\..\\..\\..\\..\\Libraries\\APM32F4xx_StdPeriphDriver\\src\\apm32f4xx_hash_md5.c 0x00000000   Number         0  apm32f4xx_hash_md5.o ABSOLUTE
    ..\\..\\..\\..\\..\\Libraries\\APM32F4xx_StdPeriphDriver\\src\\apm32f4xx_hash_sha1.c 0x00000000   Number         0  apm32f4xx_hash_sha1.o ABSOLUTE
    ..\\..\\..\\..\\..\\Libraries\\APM32F4xx_StdPeriphDriver\\src\\apm32f4xx_i2c.c 0x00000000   Number         0  apm32f4xx_i2c.o ABSOLUTE
    ..\\..\\..\\..\\..\\Libraries\\APM32F4xx_StdPeriphDriver\\src\\apm32f4xx_iwdt.c 0x00000000   Number         0  apm32f4xx_iwdt.o ABSOLUTE
    ..\\..\\..\\..\\..\\Libraries\\APM32F4xx_StdPeriphDriver\\src\\apm32f4xx_misc.c 0x00000000   Number         0  apm32f4xx_misc.o ABSOLUTE
    ..\\..\\..\\..\\..\\Libraries\\APM32F4xx_StdPeriphDriver\\src\\apm32f4xx_pmu.c 0x00000000   Number         0  apm32f4xx_pmu.o ABSOLUTE
    ..\\..\\..\\..\\..\\Libraries\\APM32F4xx_StdPeriphDriver\\src\\apm32f4xx_rcm.c 0x00000000   Number         0  apm32f4xx_rcm.o ABSOLUTE
    ..\\..\\..\\..\\..\\Libraries\\APM32F4xx_StdPeriphDriver\\src\\apm32f4xx_rng.c 0x00000000   Number         0  apm32f4xx_rng.o ABSOLUTE
    ..\\..\\..\\..\\..\\Libraries\\APM32F4xx_StdPeriphDriver\\src\\apm32f4xx_rtc.c 0x00000000   Number         0  apm32f4xx_rtc.o ABSOLUTE
    ..\\..\\..\\..\\..\\Libraries\\APM32F4xx_StdPeriphDriver\\src\\apm32f4xx_sdio.c 0x00000000   Number         0  apm32f4xx_sdio.o ABSOLUTE
    ..\\..\\..\\..\\..\\Libraries\\APM32F4xx_StdPeriphDriver\\src\\apm32f4xx_smc.c 0x00000000   Number         0  apm32f4xx_smc.o ABSOLUTE
    ..\\..\\..\\..\\..\\Libraries\\APM32F4xx_StdPeriphDriver\\src\\apm32f4xx_spi.c 0x00000000   Number         0  apm32f4xx_spi.o ABSOLUTE
    ..\\..\\..\\..\\..\\Libraries\\APM32F4xx_StdPeriphDriver\\src\\apm32f4xx_syscfg.c 0x00000000   Number         0  apm32f4xx_syscfg.o ABSOLUTE
    ..\\..\\..\\..\\..\\Libraries\\APM32F4xx_StdPeriphDriver\\src\\apm32f4xx_tmr.c 0x00000000   Number         0  apm32f4xx_tmr.o ABSOLUTE
    ..\\..\\..\\..\\..\\Libraries\\APM32F4xx_StdPeriphDriver\\src\\apm32f4xx_usart.c 0x00000000   Number         0  apm32f4xx_usart.o ABSOLUTE
    ..\\..\\..\\..\\..\\Libraries\\APM32F4xx_StdPeriphDriver\\src\\apm32f4xx_wwdt.c 0x00000000   Number         0  apm32f4xx_wwdt.o ABSOLUTE
    ..\\..\\Source\\apm32f4xx_int.c          0x00000000   Number         0  apm32f4xx_int.o ABSOLUTE
    ..\\..\\Source\\main.c                   0x00000000   Number         0  main.o ABSOLUTE
    ..\\..\\Source\\system_apm32f4xx.c       0x00000000   Number         0  system_apm32f4xx.o ABSOLUTE
    dc.s                                     0x00000000   Number         0  dc.o ABSOLUTE
    handlers.s                               0x00000000   Number         0  handlers.o ABSOLUTE
    init.s                                   0x00000000   Number         0  init.o ABSOLUTE
    RESET                                    0x08000000   Section      404  startup_apm32f40x.o(RESET)
    .ARM.Collect$$$$00000000                 0x08000194   Section        0  entry.o(.ARM.Collect$$$$00000000)
    .ARM.Collect$$$$00000001                 0x08000194   Section        4  entry2.o(.ARM.Collect$$$$00000001)
    .ARM.Collect$$$$00000004                 0x08000198   Section        4  entry5.o(.ARM.Collect$$$$00000004)
    .ARM.Collect$$$$00000008                 0x0800019c   Section        0  entry7b.o(.ARM.Collect$$$$00000008)
    .ARM.Collect$$$$0000000A                 0x0800019c   Section        0  entry8b.o(.ARM.Collect$$$$0000000A)
    .ARM.Collect$$$$0000000B                 0x0800019c   Section        8  entry9a.o(.ARM.Collect$$$$0000000B)
    .ARM.Collect$$$$0000000D                 0x080001a4   Section        0  entry10a.o(.ARM.Collect$$$$0000000D)
    .ARM.Collect$$$$0000000F                 0x080001a4   Section        0  entry11a.o(.ARM.Collect$$$$0000000F)
    .ARM.Collect$$$$00002712                 0x080001a4   Section        4  entry2.o(.ARM.Collect$$$$00002712)
    __lit__00000000                          0x080001a4   Data           4  entry2.o(.ARM.Collect$$$$00002712)
    .text                                    0x080001a8   Section       36  startup_apm32f40x.o(.text)
    .text                                    0x080001cc   Section       36  init.o(.text)
    i.ADC_IRQHandler                         0x080001f0   Section        0  apm32f4xx_int.o(i.ADC_IRQHandler)
    i.APM_MINI_COMInit                       0x080001f4   Section        0  board.o(i.APM_MINI_COMInit)
    i.APM_MINI_LEDInit                       0x080002d4   Section        0  board.o(i.APM_MINI_LEDInit)
    i.BusFault_Handler                       0x08000328   Section        0  apm32f4xx_int.o(i.BusFault_Handler)
    i.DAC_Config                             0x0800032c   Section        0  apm32f4xx_dac.o(i.DAC_Config)
    i.DAC_ConfigChannel1Data                 0x08000360   Section        0  apm32f4xx_dac.o(i.DAC_ConfigChannel1Data)
    i.DAC_ConfigStructInit                   0x08000380   Section        0  apm32f4xx_dac.o(i.DAC_ConfigStructInit)
    i.DAC_Enable                             0x0800038c   Section        0  apm32f4xx_dac.o(i.DAC_Enable)
    i.DAC_EnableSoftwareTrigger              0x080003b8   Section        0  apm32f4xx_dac.o(i.DAC_EnableSoftwareTrigger)
    i.DAC_Init                               0x080003e4   Section        0  main.o(i.DAC_Init)
    i.DebugMon_Handler                       0x08000450   Section        0  apm32f4xx_int.o(i.DebugMon_Handler)
    i.GPIO_Config                            0x08000452   Section        0  apm32f4xx_gpio.o(i.GPIO_Config)
    i.GPIO_ConfigPinAF                       0x080004e2   Section        0  apm32f4xx_gpio.o(i.GPIO_ConfigPinAF)
    i.GPIO_ConfigStructInit                  0x0800052c   Section        0  apm32f4xx_gpio.o(i.GPIO_ConfigStructInit)
    i.HardFault_Handler                      0x0800053e   Section        0  apm32f4xx_int.o(i.HardFault_Handler)
    i.MemManage_Handler                      0x08000542   Section        0  apm32f4xx_int.o(i.MemManage_Handler)
    i.NMI_Handler                            0x08000546   Section        0  apm32f4xx_int.o(i.NMI_Handler)
    i.PendSV_Handler                         0x08000548   Section        0  apm32f4xx_int.o(i.PendSV_Handler)
    i.RCM_EnableAHB1PeriphClock              0x0800054c   Section        0  apm32f4xx_rcm.o(i.RCM_EnableAHB1PeriphClock)
    i.RCM_EnableAPB1PeriphClock              0x0800055c   Section        0  apm32f4xx_rcm.o(i.RCM_EnableAPB1PeriphClock)
    i.RCM_EnableAPB2PeriphClock              0x0800056c   Section        0  apm32f4xx_rcm.o(i.RCM_EnableAPB2PeriphClock)
    i.RCM_ReadHCLKFreq                       0x0800057c   Section        0  apm32f4xx_rcm.o(i.RCM_ReadHCLKFreq)
    i.RCM_ReadPCLKFreq                       0x080005b8   Section        0  apm32f4xx_rcm.o(i.RCM_ReadPCLKFreq)
    i.RCM_ReadSYSCLKFreq                     0x08000604   Section        0  apm32f4xx_rcm.o(i.RCM_ReadSYSCLKFreq)
    i.SVC_Handler                            0x0800068c   Section        0  apm32f4xx_int.o(i.SVC_Handler)
    i.SysTick_Handler                        0x0800068e   Section        0  apm32f4xx_int.o(i.SysTick_Handler)
    i.SystemClockConfig                      0x08000690   Section        0  system_apm32f4xx.o(i.SystemClockConfig)
    SystemClockConfig                        0x08000691   Thumb Code   248  system_apm32f4xx.o(i.SystemClockConfig)
    i.SystemInit                             0x08000798   Section        0  system_apm32f4xx.o(i.SystemInit)
    i.USART_Config                           0x080007f4   Section        0  apm32f4xx_usart.o(i.USART_Config)
    i.USART_ConfigStructInit                 0x080008e8   Section        0  apm32f4xx_usart.o(i.USART_ConfigStructInit)
    i.USART_Enable                           0x08000900   Section        0  apm32f4xx_usart.o(i.USART_Enable)
    i.UsageFault_Handler                     0x0800090e   Section        0  apm32f4xx_int.o(i.UsageFault_Handler)
    i.__scatterload_copy                     0x08000912   Section       14  handlers.o(i.__scatterload_copy)
    i.__scatterload_null                     0x08000920   Section        2  handlers.o(i.__scatterload_null)
    i.__scatterload_zeroinit                 0x08000922   Section       14  handlers.o(i.__scatterload_zeroinit)
    i.main                                   0x08000930   Section        0  main.o(i.main)
    .constdata                               0x08000978   Section       76  board.o(.constdata)
    .data                                    0x20000000   Section       40  board.o(.data)
    STACK                                    0x20000028   Section     1024  startup_apm32f40x.o(STACK)

    Global Symbols

    Symbol Name                              Value     Ov Type        Size  Object(Section)

    BuildAttributes$$THM_ISAv4$P$D$K$B$S$PE$A:L22UL41UL21$X:L11$S22US41US21$IEEE1$IW$USESV6$~STKCKD$USESV7$~SHL$OSPACE$EBA8$MICROLIB$REQ8$PRES8$EABIv2 0x00000000   Number         0  anon$$obj.o ABSOLUTE
    __ARM_use_no_argv                        0x00000000   Number         0  main.o ABSOLUTE
    __cpp_initialize__aeabi_                  - Undefined Weak Reference
    __cxa_finalize                            - Undefined Weak Reference
    __decompress                              - Undefined Weak Reference
    _clock_init                               - Undefined Weak Reference
    _microlib_exit                            - Undefined Weak Reference
    __Vectors_Size                           0x00000194   Number         0  startup_apm32f40x.o ABSOLUTE
    __Vectors                                0x08000000   Data           4  startup_apm32f40x.o(RESET)
    __Vectors_End                            0x08000194   Data           0  startup_apm32f40x.o(RESET)
    __main                                   0x08000195   Thumb Code     0  entry.o(.ARM.Collect$$$$00000000)
    _main_stk                                0x08000195   Thumb Code     0  entry2.o(.ARM.Collect$$$$00000001)
    _main_scatterload                        0x08000199   Thumb Code     0  entry5.o(.ARM.Collect$$$$00000004)
    __main_after_scatterload                 0x0800019d   Thumb Code     0  entry5.o(.ARM.Collect$$$$00000004)
    _main_clock                              0x0800019d   Thumb Code     0  entry7b.o(.ARM.Collect$$$$00000008)
    _main_cpp_init                           0x0800019d   Thumb Code     0  entry8b.o(.ARM.Collect$$$$0000000A)
    _main_init                               0x0800019d   Thumb Code     0  entry9a.o(.ARM.Collect$$$$0000000B)
    __rt_final_cpp                           0x080001a5   Thumb Code     0  entry10a.o(.ARM.Collect$$$$0000000D)
    __rt_final_exit                          0x080001a5   Thumb Code     0  entry11a.o(.ARM.Collect$$$$0000000F)
    Reset_Handler                            0x080001a9   Thumb Code     8  startup_apm32f40x.o(.text)
    BN_IRQHandler                            0x080001c3   Thumb Code     0  startup_apm32f40x.o(.text)
    CAN1_RX0_IRQHandler                      0x080001c3   Thumb Code     0  startup_apm32f40x.o(.text)
    CAN1_RX1_IRQHandler                      0x080001c3   Thumb Code     0  startup_apm32f40x.o(.text)
    CAN1_SCE_IRQHandler                      0x080001c3   Thumb Code     0  startup_apm32f40x.o(.text)
    CAN1_TX_IRQHandler                       0x080001c3   Thumb Code     0  startup_apm32f40x.o(.text)
    CAN2_RX0_IRQHandler                      0x080001c3   Thumb Code     0  startup_apm32f40x.o(.text)
    CAN2_RX1_IRQHandler                      0x080001c3   Thumb Code     0  startup_apm32f40x.o(.text)
    CAN2_SCE_IRQHandler                      0x080001c3   Thumb Code     0  startup_apm32f40x.o(.text)
    CAN2_TX_IRQHandler                       0x080001c3   Thumb Code     0  startup_apm32f40x.o(.text)
    DCI_IRQHandler                           0x080001c3   Thumb Code     0  startup_apm32f40x.o(.text)
    DMA1_STR0_IRQHandler                     0x080001c3   Thumb Code     0  startup_apm32f40x.o(.text)
    DMA1_STR1_IRQHandler                     0x080001c3   Thumb Code     0  startup_apm32f40x.o(.text)
    DMA1_STR2_IRQHandler                     0x080001c3   Thumb Code     0  startup_apm32f40x.o(.text)
    DMA1_STR3_IRQHandler                     0x080001c3   Thumb Code     0  startup_apm32f40x.o(.text)
    DMA1_STR4_IRQHandler                     0x080001c3   Thumb Code     0  startup_apm32f40x.o(.text)
    DMA1_STR5_IRQHandler                     0x080001c3   Thumb Code     0  startup_apm32f40x.o(.text)
    DMA1_STR6_IRQHandler                     0x080001c3   Thumb Code     0  startup_apm32f40x.o(.text)
    DMA1_STR7_IRQHandler                     0x080001c3   Thumb Code     0  startup_apm32f40x.o(.text)
    DMA2_STR0_IRQHandler                     0x080001c3   Thumb Code     0  startup_apm32f40x.o(.text)
    DMA2_STR1_IRQHandler                     0x080001c3   Thumb Code     0  startup_apm32f40x.o(.text)
    DMA2_STR2_IRQHandler                     0x080001c3   Thumb Code     0  startup_apm32f40x.o(.text)
    DMA2_STR3_IRQHandler                     0x080001c3   Thumb Code     0  startup_apm32f40x.o(.text)
    DMA2_STR4_IRQHandler                     0x080001c3   Thumb Code     0  startup_apm32f40x.o(.text)
    DMA2_STR5_IRQHandler                     0x080001c3   Thumb Code     0  startup_apm32f40x.o(.text)
    DMA2_STR6_IRQHandler                     0x080001c3   Thumb Code     0  startup_apm32f40x.o(.text)
    DMA2_STR7_IRQHandler                     0x080001c3   Thumb Code     0  startup_apm32f40x.o(.text)
    EINT0_IRQHandler                         0x080001c3   Thumb Code     0  startup_apm32f40x.o(.text)
    EINT15_10_IRQHandler                     0x080001c3   Thumb Code     0  startup_apm32f40x.o(.text)
    EINT1_IRQHandler                         0x080001c3   Thumb Code     0  startup_apm32f40x.o(.text)
    EINT2_IRQHandler                         0x080001c3   Thumb Code     0  startup_apm32f40x.o(.text)
    EINT3_IRQHandler                         0x080001c3   Thumb Code     0  startup_apm32f40x.o(.text)
    EINT4_IRQHandler                         0x080001c3   Thumb Code     0  startup_apm32f40x.o(.text)
    EINT9_5_IRQHandler                       0x080001c3   Thumb Code     0  startup_apm32f40x.o(.text)
    EMMC_IRQHandler                          0x080001c3   Thumb Code     0  startup_apm32f40x.o(.text)
    ETH_IRQHandler                           0x080001c3   Thumb Code     0  startup_apm32f40x.o(.text)
    ETH_WKUP_IRQHandler                      0x080001c3   Thumb Code     0  startup_apm32f40x.o(.text)
    FLASH_IRQHandler                         0x080001c3   Thumb Code     0  startup_apm32f40x.o(.text)
    FPU_IRQHandler                           0x080001c3   Thumb Code     0  startup_apm32f40x.o(.text)
    I2C1_ER_IRQHandler                       0x080001c3   Thumb Code     0  startup_apm32f40x.o(.text)
    I2C1_EV_IRQHandler                       0x080001c3   Thumb Code     0  startup_apm32f40x.o(.text)
    I2C2_ER_IRQHandler                       0x080001c3   Thumb Code     0  startup_apm32f40x.o(.text)
    I2C2_EV_IRQHandler                       0x080001c3   Thumb Code     0  startup_apm32f40x.o(.text)
    I2C3_ER_IRQHandler                       0x080001c3   Thumb Code     0  startup_apm32f40x.o(.text)
    I2C3_EV_IRQHandler                       0x080001c3   Thumb Code     0  startup_apm32f40x.o(.text)
    OTG_FS_IRQHandler                        0x080001c3   Thumb Code     0  startup_apm32f40x.o(.text)
    OTG_FS_WKUP_IRQHandler                   0x080001c3   Thumb Code     0  startup_apm32f40x.o(.text)
    OTG_HS1_EP1_IN_IRQHandler                0x080001c3   Thumb Code     0  startup_apm32f40x.o(.text)
    OTG_HS1_EP1_OUT_IRQHandler               0x080001c3   Thumb Code     0  startup_apm32f40x.o(.text)
    OTG_HS1_IRQHandler                       0x080001c3   Thumb Code     0  startup_apm32f40x.o(.text)
    OTG_HS1_WKUP_IRQHandler                  0x080001c3   Thumb Code     0  startup_apm32f40x.o(.text)
    PVD_IRQHandler                           0x080001c3   Thumb Code     0  startup_apm32f40x.o(.text)
    RCM_IRQHandler                           0x080001c3   Thumb Code     0  startup_apm32f40x.o(.text)
    RTC_Alarm_IRQHandler                     0x080001c3   Thumb Code     0  startup_apm32f40x.o(.text)
    RTC_WKUP_IRQHandler                      0x080001c3   Thumb Code     0  startup_apm32f40x.o(.text)
    SDIO_IRQHandler                          0x080001c3   Thumb Code     0  startup_apm32f40x.o(.text)
    SM3_IRQHandler                           0x080001c3   Thumb Code     0  startup_apm32f40x.o(.text)
    SM4_IRQHandler                           0x080001c3   Thumb Code     0  startup_apm32f40x.o(.text)
    SPI1_IRQHandler                          0x080001c3   Thumb Code     0  startup_apm32f40x.o(.text)
    SPI2_IRQHandler                          0x080001c3   Thumb Code     0  startup_apm32f40x.o(.text)
    SPI3_IRQHandler                          0x080001c3   Thumb Code     0  startup_apm32f40x.o(.text)
    TAMP_STAMP_IRQHandler                    0x080001c3   Thumb Code     0  startup_apm32f40x.o(.text)
    TMR1_BRK_TMR9_IRQHandler                 0x080001c3   Thumb Code     0  startup_apm32f40x.o(.text)
    TMR1_CC_IRQHandler                       0x080001c3   Thumb Code     0  startup_apm32f40x.o(.text)
    TMR1_TRG_COM_TMR11_IRQHandler            0x080001c3   Thumb Code     0  startup_apm32f40x.o(.text)
    TMR1_UP_TMR10_IRQHandler                 0x080001c3   Thumb Code     0  startup_apm32f40x.o(.text)
    TMR2_IRQHandler                          0x080001c3   Thumb Code     0  startup_apm32f40x.o(.text)
    TMR3_IRQHandler                          0x080001c3   Thumb Code     0  startup_apm32f40x.o(.text)
    TMR4_IRQHandler                          0x080001c3   Thumb Code     0  startup_apm32f40x.o(.text)
    TMR5_IRQHandler                          0x080001c3   Thumb Code     0  startup_apm32f40x.o(.text)
    TMR6_DAC_IRQHandler                      0x080001c3   Thumb Code     0  startup_apm32f40x.o(.text)
    TMR7_IRQHandler                          0x080001c3   Thumb Code     0  startup_apm32f40x.o(.text)
    TMR8_BRK_TMR12_IRQHandler                0x080001c3   Thumb Code     0  startup_apm32f40x.o(.text)
    TMR8_CC_IRQHandler                       0x080001c3   Thumb Code     0  startup_apm32f40x.o(.text)
    TMR8_TRG_COM_TMR14_IRQHandler            0x080001c3   Thumb Code     0  startup_apm32f40x.o(.text)
    TMR8_UP_TMR13_IRQHandler                 0x080001c3   Thumb Code     0  startup_apm32f40x.o(.text)
    UART4_IRQHandler                         0x080001c3   Thumb Code     0  startup_apm32f40x.o(.text)
    UART5_IRQHandler                         0x080001c3   Thumb Code     0  startup_apm32f40x.o(.text)
    USART1_IRQHandler                        0x080001c3   Thumb Code     0  startup_apm32f40x.o(.text)
    USART2_IRQHandler                        0x080001c3   Thumb Code     0  startup_apm32f40x.o(.text)
    USART3_IRQHandler                        0x080001c3   Thumb Code     0  startup_apm32f40x.o(.text)
    USART6_IRQHandler                        0x080001c3   Thumb Code     0  startup_apm32f40x.o(.text)
    WWDT_IRQHandler                          0x080001c3   Thumb Code     0  startup_apm32f40x.o(.text)
    __scatterload                            0x080001cd   Thumb Code    28  init.o(.text)
    __scatterload_rt2                        0x080001cd   Thumb Code     0  init.o(.text)
    ADC_IRQHandler                           0x080001f1   Thumb Code     2  apm32f4xx_int.o(i.ADC_IRQHandler)
    APM_MINI_COMInit                         0x080001f5   Thumb Code   178  board.o(i.APM_MINI_COMInit)
    APM_MINI_LEDInit                         0x080002d5   Thumb Code    70  board.o(i.APM_MINI_LEDInit)
    BusFault_Handler                         0x08000329   Thumb Code     4  apm32f4xx_int.o(i.BusFault_Handler)
    DAC_Config                               0x0800032d   Thumb Code    46  apm32f4xx_dac.o(i.DAC_Config)
    DAC_ConfigChannel1Data                   0x08000361   Thumb Code    26  apm32f4xx_dac.o(i.DAC_ConfigChannel1Data)
    DAC_ConfigStructInit                     0x08000381   Thumb Code    12  apm32f4xx_dac.o(i.DAC_ConfigStructInit)
    DAC_Enable                               0x0800038d   Thumb Code    40  apm32f4xx_dac.o(i.DAC_Enable)
    DAC_EnableSoftwareTrigger                0x080003b9   Thumb Code    38  apm32f4xx_dac.o(i.DAC_EnableSoftwareTrigger)
    DAC_Init                                 0x080003e5   Thumb Code   104  main.o(i.DAC_Init)
    DebugMon_Handler                         0x08000451   Thumb Code     2  apm32f4xx_int.o(i.DebugMon_Handler)
    GPIO_Config                              0x08000453   Thumb Code   144  apm32f4xx_gpio.o(i.GPIO_Config)
    GPIO_ConfigPinAF                         0x080004e3   Thumb Code    74  apm32f4xx_gpio.o(i.GPIO_ConfigPinAF)
    GPIO_ConfigStructInit                    0x0800052d   Thumb Code    18  apm32f4xx_gpio.o(i.GPIO_ConfigStructInit)
    HardFault_Handler                        0x0800053f   Thumb Code     4  apm32f4xx_int.o(i.HardFault_Handler)
    MemManage_Handler                        0x08000543   Thumb Code     4  apm32f4xx_int.o(i.MemManage_Handler)
    NMI_Handler                              0x08000547   Thumb Code     2  apm32f4xx_int.o(i.NMI_Handler)
    PendSV_Handler                           0x08000549   Thumb Code     2  apm32f4xx_int.o(i.PendSV_Handler)
    RCM_EnableAHB1PeriphClock                0x0800054d   Thumb Code    12  apm32f4xx_rcm.o(i.RCM_EnableAHB1PeriphClock)
    RCM_EnableAPB1PeriphClock                0x0800055d   Thumb Code    12  apm32f4xx_rcm.o(i.RCM_EnableAPB1PeriphClock)
    RCM_EnableAPB2PeriphClock                0x0800056d   Thumb Code    12  apm32f4xx_rcm.o(i.RCM_EnableAPB2PeriphClock)
    RCM_ReadHCLKFreq                         0x0800057d   Thumb Code    38  apm32f4xx_rcm.o(i.RCM_ReadHCLKFreq)
    RCM_ReadPCLKFreq                         0x080005b9   Thumb Code    62  apm32f4xx_rcm.o(i.RCM_ReadPCLKFreq)
    RCM_ReadSYSCLKFreq                       0x08000605   Thumb Code   122  apm32f4xx_rcm.o(i.RCM_ReadSYSCLKFreq)
    SVC_Handler                              0x0800068d   Thumb Code     2  apm32f4xx_int.o(i.SVC_Handler)
    SysTick_Handler                          0x0800068f   Thumb Code     2  apm32f4xx_int.o(i.SysTick_Handler)
    SystemInit                               0x08000799   Thumb Code    76  system_apm32f4xx.o(i.SystemInit)
    USART_Config                             0x080007f5   Thumb Code   236  apm32f4xx_usart.o(i.USART_Config)
    USART_ConfigStructInit                   0x080008e9   Thumb Code    24  apm32f4xx_usart.o(i.USART_ConfigStructInit)
    USART_Enable                             0x08000901   Thumb Code    14  apm32f4xx_usart.o(i.USART_Enable)
    UsageFault_Handler                       0x0800090f   Thumb Code     4  apm32f4xx_int.o(i.UsageFault_Handler)
    __scatterload_copy                       0x08000913   Thumb Code    14  handlers.o(i.__scatterload_copy)
    __scatterload_null                       0x08000921   Thumb Code     2  handlers.o(i.__scatterload_null)
    __scatterload_zeroinit                   0x08000923   Thumb Code    14  handlers.o(i.__scatterload_zeroinit)
    main                                     0x08000931   Thumb Code    70  main.o(i.main)
    GPIO_PIN                                 0x08000978   Data           4  board.o(.constdata)
    GPIO_CLK                                 0x0800097c   Data           8  board.o(.constdata)
    BUTTON_PIN                               0x08000984   Data           4  board.o(.constdata)
    BUTTON_CLK                               0x08000988   Data           8  board.o(.constdata)
    BUTTON_EINT_LINE                         0x08000990   Data           8  board.o(.constdata)
    BUTTON_PORT_SOURCE                       0x08000998   Data           2  board.o(.constdata)
    BUTTON_PIN_SOURCE                        0x0800099a   Data           2  board.o(.constdata)
    BUTTON_IRQn                              0x0800099c   Data           2  board.o(.constdata)
    COM_TX_PIN_SOURCE                        0x0800099e   Data           2  board.o(.constdata)
    COM_RX_PIN_SOURCE                        0x080009a0   Data           2  board.o(.constdata)
    COM_GPIO_AF                              0x080009a2   Data           2  board.o(.constdata)
    COM_USART_CLK                            0x080009a4   Data           8  board.o(.constdata)
    COM_TX_PORT_CLK                          0x080009ac   Data           8  board.o(.constdata)
    COM_RX_PORT_CLK                          0x080009b4   Data           8  board.o(.constdata)
    COM_TX_PIN                               0x080009bc   Data           4  board.o(.constdata)
    COM_RX_PIN                               0x080009c0   Data           4  board.o(.constdata)
    Region$$Table$$Base                      0x080009c4   Number         0  anon$$obj.o(Region$$Table)
    Region$$Table$$Limit                     0x080009e4   Number         0  anon$$obj.o(Region$$Table)
    GPIO_PORT                                0x20000000   Data           8  board.o(.data)
    BUTTON_PORT                              0x20000008   Data           8  board.o(.data)
    COM_USART                                0x20000010   Data           8  board.o(.data)
    COM_TX_PORT                              0x20000018   Data           8  board.o(.data)
    COM_RX_PORT                              0x20000020   Data           8  board.o(.data)
    __initial_sp                             0x20000428   Data           0  startup_apm32f40x.o(STACK)



==============================================================================

Memory Map of the image

  Image Entry point : 0x08000195

  Load Region LR_IROM1 (Base: 0x08000000, Size: 0x00000a0c, Max: 0x00100000, ABSOLUTE)

    Execution Region ER_IROM1 (Exec base: 0x08000000, Load base: 0x08000000, Size: 0x000009e4, Max: 0x00100000, ABSOLUTE)

    Exec Addr    Load Addr    Size         Type   Attr      Idx    E Section Name        Object

    0x08000000   0x08000000   0x00000194   Data   RO           66    RESET               startup_apm32f40x.o
    0x08000194   0x08000194   0x00000000   Code   RO         5623  * .ARM.Collect$$$$00000000  mc_w.l(entry.o)
    0x08000194   0x08000194   0x00000004   Code   RO         5626    .ARM.Collect$$$$00000001  mc_w.l(entry2.o)
    0x08000198   0x08000198   0x00000004   Code   RO         5629    .ARM.Collect$$$$00000004  mc_w.l(entry5.o)
    0x0800019c   0x0800019c   0x00000000   Code   RO         5631    .ARM.Collect$$$$00000008  mc_w.l(entry7b.o)
    0x0800019c   0x0800019c   0x00000000   Code   RO         5633    .ARM.Collect$$$$0000000A  mc_w.l(entry8b.o)
    0x0800019c   0x0800019c   0x00000008   Code   RO         5634    .ARM.Collect$$$$0000000B  mc_w.l(entry9a.o)
    0x080001a4   0x080001a4   0x00000000   Code   RO         5636    .ARM.Collect$$$$0000000D  mc_w.l(entry10a.o)
    0x080001a4   0x080001a4   0x00000000   Code   RO         5638    .ARM.Collect$$$$0000000F  mc_w.l(entry11a.o)
    0x080001a4   0x080001a4   0x00000004   Code   RO         5627    .ARM.Collect$$$$00002712  mc_w.l(entry2.o)
    0x080001a8   0x080001a8   0x00000024   Code   RO           67    .text               startup_apm32f40x.o
    0x080001cc   0x080001cc   0x00000024   Code   RO         5640    .text               mc_w.l(init.o)
    0x080001f0   0x080001f0   0x00000002   Code   RO         5431    i.ADC_IRQHandler    apm32f4xx_int.o
    0x080001f2   0x080001f2   0x00000002   PAD
    0x080001f4   0x080001f4   0x000000e0   Code   RO         5358    i.APM_MINI_COMInit  board.o
    0x080002d4   0x080002d4   0x00000054   Code   RO         5359    i.APM_MINI_LEDInit  board.o
    0x08000328   0x08000328   0x00000004   Code   RO         5432    i.BusFault_Handler  apm32f4xx_int.o
    0x0800032c   0x0800032c   0x00000034   Code   RO          887    i.DAC_Config        apm32f4xx_dac.o
    0x08000360   0x08000360   0x00000020   Code   RO          888    i.DAC_ConfigChannel1Data  apm32f4xx_dac.o
    0x08000380   0x08000380   0x0000000c   Code   RO          891    i.DAC_ConfigStructInit  apm32f4xx_dac.o
    0x0800038c   0x0800038c   0x0000002c   Code   RO          899    i.DAC_Enable        apm32f4xx_dac.o
    0x080003b8   0x080003b8   0x0000002c   Code   RO          902    i.DAC_EnableSoftwareTrigger  apm32f4xx_dac.o
    0x080003e4   0x080003e4   0x0000006c   Code   RO         5515    i.DAC_Init          main.o
    0x08000450   0x08000450   0x00000002   Code   RO         5433    i.DebugMon_Handler  apm32f4xx_int.o
    0x08000452   0x08000452   0x00000090   Code   RO         1878    i.GPIO_Config       apm32f4xx_gpio.o
    0x080004e2   0x080004e2   0x0000004a   Code   RO         1879    i.GPIO_ConfigPinAF  apm32f4xx_gpio.o
    0x0800052c   0x0800052c   0x00000012   Code   RO         1881    i.GPIO_ConfigStructInit  apm32f4xx_gpio.o
    0x0800053e   0x0800053e   0x00000004   Code   RO         5434    i.HardFault_Handler  apm32f4xx_int.o
    0x08000542   0x08000542   0x00000004   Code   RO         5435    i.MemManage_Handler  apm32f4xx_int.o
    0x08000546   0x08000546   0x00000002   Code   RO         5436    i.NMI_Handler       apm32f4xx_int.o
    0x08000548   0x08000548   0x00000002   Code   RO         5437    i.PendSV_Handler    apm32f4xx_int.o
    0x0800054a   0x0800054a   0x00000002   PAD
    0x0800054c   0x0800054c   0x00000010   Code   RO         2772    i.RCM_EnableAHB1PeriphClock  apm32f4xx_rcm.o
    0x0800055c   0x0800055c   0x00000010   Code   RO         2778    i.RCM_EnableAPB1PeriphClock  apm32f4xx_rcm.o
    0x0800056c   0x0800056c   0x00000010   Code   RO         2781    i.RCM_EnableAPB2PeriphClock  apm32f4xx_rcm.o
    0x0800057c   0x0800057c   0x0000003c   Code   RO         2792    i.RCM_ReadHCLKFreq  apm32f4xx_rcm.o
    0x080005b8   0x080005b8   0x0000004c   Code   RO         2794    i.RCM_ReadPCLKFreq  apm32f4xx_rcm.o
    0x08000604   0x08000604   0x00000088   Code   RO         2795    i.RCM_ReadSYSCLKFreq  apm32f4xx_rcm.o
    0x0800068c   0x0800068c   0x00000002   Code   RO         5438    i.SVC_Handler       apm32f4xx_int.o
    0x0800068e   0x0800068e   0x00000002   Code   RO         5439    i.SysTick_Handler   apm32f4xx_int.o
    0x08000690   0x08000690   0x00000108   Code   RO            4    i.SystemClockConfig  system_apm32f4xx.o
    0x08000798   0x08000798   0x0000005c   Code   RO            6    i.SystemInit        system_apm32f4xx.o
    0x080007f4   0x080007f4   0x000000f4   Code   RO         5031    i.USART_Config      apm32f4xx_usart.o
    0x080008e8   0x080008e8   0x00000018   Code   RO         5038    i.USART_ConfigStructInit  apm32f4xx_usart.o
    0x08000900   0x08000900   0x0000000e   Code   RO         5051    i.USART_Enable      apm32f4xx_usart.o
    0x0800090e   0x0800090e   0x00000004   Code   RO         5440    i.UsageFault_Handler  apm32f4xx_int.o
    0x08000912   0x08000912   0x0000000e   Code   RO         5644    i.__scatterload_copy  mc_w.l(handlers.o)
    0x08000920   0x08000920   0x00000002   Code   RO         5645    i.__scatterload_null  mc_w.l(handlers.o)
    0x08000922   0x08000922   0x0000000e   Code   RO         5646    i.__scatterload_zeroinit  mc_w.l(handlers.o)
    0x08000930   0x08000930   0x00000046   Code   RO         5518    i.main              main.o
    0x08000976   0x08000976   0x00000002   PAD
    0x08000978   0x08000978   0x0000004c   Data   RO         5365    .constdata          board.o
    0x080009c4   0x080009c4   0x00000020   Data   RO         5642    Region$$Table       anon$$obj.o


    Execution Region RW_IRAM1 (Exec base: 0x20000000, Load base: 0x080009e4, Size: 0x00000428, Max: 0x00020000, ABSOLUTE)

    Exec Addr    Load Addr    Size         Type   Attr      Idx    E Section Name        Object

    0x20000000   0x080009e4   0x00000028   Data   RW         5366    .data               board.o
    0x20000028        -       0x00000400   Zero   RW           64    STACK               startup_apm32f40x.o


==============================================================================

Image component sizes


      Code (inc. data)   RO Data    RW Data    ZI Data      Debug   Object Name

       184         22          0          0          0       5486   apm32f4xx_dac.o
         0          0          0          0          0       1136   apm32f4xx_eint.o
       236          0          0          0          0       5365   apm32f4xx_gpio.o
        28          0          0          0          0       4483   apm32f4xx_int.o
       320         62          0          0          0       4495   apm32f4xx_rcm.o
         0          0          0          0          0       1172   apm32f4xx_syscfg.o
       282          8          0          0          0       4739   apm32f4xx_usart.o
       308         60         76         40          0       5874   board.o
       178          4          0          0          0       7974   main.o
        36          8        404          0       1024        904   startup_apm32f40x.o
       356         32          0          0          0      86637   system_apm32f4xx.o

    ----------------------------------------------------------------------
      1934        196        512         40       1024     128265   Object Totals
         0          0         32          0          0          0   (incl. Generated)
         6          0          0          0          0          0   (incl. Padding)

    ----------------------------------------------------------------------

      Code (inc. data)   RO Data    RW Data    ZI Data      Debug   Library Member Name

         0          0          0          0          0          0   entry.o
         0          0          0          0          0          0   entry10a.o
         0          0          0          0          0          0   entry11a.o
         8          4          0          0          0          0   entry2.o
         4          0          0          0          0          0   entry5.o
         0          0          0          0          0          0   entry7b.o
         0          0          0          0          0          0   entry8b.o
         8          4          0          0          0          0   entry9a.o
        30          0          0          0          0          0   handlers.o
        36          8          0          0          0         68   init.o

    ----------------------------------------------------------------------
        86         16          0          0          0         68   Library Totals
         0          0          0          0          0          0   (incl. Padding)

    ----------------------------------------------------------------------

      Code (inc. data)   RO Data    RW Data    ZI Data      Debug   Library Name

        86         16          0          0          0         68   mc_w.l

    ----------------------------------------------------------------------
        86         16          0          0          0         68   Library Totals

    ----------------------------------------------------------------------

==============================================================================


      Code (inc. data)   RO Data    RW Data    ZI Data      Debug   

      2020        212        512         40       1024     126977   Grand Totals
      2020        212        512         40       1024     126977   ELF Image Totals
      2020        212        512         40          0          0   ROM Totals

==============================================================================

    Total RO  Size (Code + RO Data)                 2532 (   2.47kB)
    Total RW  Size (RW Data + ZI Data)              1064 (   1.04kB)
    Total ROM Size (Code + RO Data + RW Data)       2572 (   2.51kB)

==============================================================================

