<!doctype html public "-//w3c//dtd html 4.0 transitional//en">
<html><head>
<title>Static Call Graph - [.\Out\APM32F407\DAC_noisewave.axf]</title></head>
<body><HR>
<H1>Static Call Graph for image .\Out\APM32F407\DAC_noisewave.axf</H1><HR>
<BR><P>#&#060CALLGRAPH&#062# ARM Linker, 5060750: Last Updated: Fri Mar 03 14:25:09 2023
<BR><P>
<H3>Maximum Stack Usage =        144 bytes + Unknown(Cycles, Untraceable Function Pointers)</H3><H3>
Call chain for Maximum Stack Depth:</H3>
main &rArr; APM_MINI_COMInit &rArr; USART_Config &rArr; RCM_ReadPCLKFreq &rArr; RCM_ReadHCLKFreq &rArr; RCM_ReadSYSCLKFreq
<P>
<H3>
Mutually Recursive functions
</H3> <LI><a href="#[5c]">BN_IRQHandler</a>&nbsp;&nbsp;&nbsp;&rArr;&nbsp;&nbsp;&nbsp;<a href="#[5c]">BN_IRQHandler</a><BR>
</UL>
<P>
<H3>
Function Pointers
</H3><UL>
 <LI><a href="#[1c]">ADC_IRQHandler</a> from apm32f4xx_int.o(i.ADC_IRQHandler) referenced from startup_apm32f40x.o(RESET)
 <LI><a href="#[5c]">BN_IRQHandler</a> from startup_apm32f40x.o(.text) referenced from startup_apm32f40x.o(RESET)
 <LI><a href="#[4]">BusFault_Handler</a> from apm32f4xx_int.o(i.BusFault_Handler) referenced from startup_apm32f40x.o(RESET)
 <LI><a href="#[1e]">CAN1_RX0_IRQHandler</a> from startup_apm32f40x.o(.text) referenced from startup_apm32f40x.o(RESET)
 <LI><a href="#[1f]">CAN1_RX1_IRQHandler</a> from startup_apm32f40x.o(.text) referenced from startup_apm32f40x.o(RESET)
 <LI><a href="#[20]">CAN1_SCE_IRQHandler</a> from startup_apm32f40x.o(.text) referenced from startup_apm32f40x.o(RESET)
 <LI><a href="#[1d]">CAN1_TX_IRQHandler</a> from startup_apm32f40x.o(.text) referenced from startup_apm32f40x.o(RESET)
 <LI><a href="#[4a]">CAN2_RX0_IRQHandler</a> from startup_apm32f40x.o(.text) referenced from startup_apm32f40x.o(RESET)
 <LI><a href="#[4b]">CAN2_RX1_IRQHandler</a> from startup_apm32f40x.o(.text) referenced from startup_apm32f40x.o(RESET)
 <LI><a href="#[4c]">CAN2_SCE_IRQHandler</a> from startup_apm32f40x.o(.text) referenced from startup_apm32f40x.o(RESET)
 <LI><a href="#[49]">CAN2_TX_IRQHandler</a> from startup_apm32f40x.o(.text) referenced from startup_apm32f40x.o(RESET)
 <LI><a href="#[58]">DCI_IRQHandler</a> from startup_apm32f40x.o(.text) referenced from startup_apm32f40x.o(RESET)
 <LI><a href="#[15]">DMA1_STR0_IRQHandler</a> from startup_apm32f40x.o(.text) referenced from startup_apm32f40x.o(RESET)
 <LI><a href="#[16]">DMA1_STR1_IRQHandler</a> from startup_apm32f40x.o(.text) referenced from startup_apm32f40x.o(RESET)
 <LI><a href="#[17]">DMA1_STR2_IRQHandler</a> from startup_apm32f40x.o(.text) referenced from startup_apm32f40x.o(RESET)
 <LI><a href="#[18]">DMA1_STR3_IRQHandler</a> from startup_apm32f40x.o(.text) referenced from startup_apm32f40x.o(RESET)
 <LI><a href="#[19]">DMA1_STR4_IRQHandler</a> from startup_apm32f40x.o(.text) referenced from startup_apm32f40x.o(RESET)
 <LI><a href="#[1a]">DMA1_STR5_IRQHandler</a> from startup_apm32f40x.o(.text) referenced from startup_apm32f40x.o(RESET)
 <LI><a href="#[1b]">DMA1_STR6_IRQHandler</a> from startup_apm32f40x.o(.text) referenced from startup_apm32f40x.o(RESET)
 <LI><a href="#[39]">DMA1_STR7_IRQHandler</a> from startup_apm32f40x.o(.text) referenced from startup_apm32f40x.o(RESET)
 <LI><a href="#[42]">DMA2_STR0_IRQHandler</a> from startup_apm32f40x.o(.text) referenced from startup_apm32f40x.o(RESET)
 <LI><a href="#[43]">DMA2_STR1_IRQHandler</a> from startup_apm32f40x.o(.text) referenced from startup_apm32f40x.o(RESET)
 <LI><a href="#[44]">DMA2_STR2_IRQHandler</a> from startup_apm32f40x.o(.text) referenced from startup_apm32f40x.o(RESET)
 <LI><a href="#[45]">DMA2_STR3_IRQHandler</a> from startup_apm32f40x.o(.text) referenced from startup_apm32f40x.o(RESET)
 <LI><a href="#[46]">DMA2_STR4_IRQHandler</a> from startup_apm32f40x.o(.text) referenced from startup_apm32f40x.o(RESET)
 <LI><a href="#[4e]">DMA2_STR5_IRQHandler</a> from startup_apm32f40x.o(.text) referenced from startup_apm32f40x.o(RESET)
 <LI><a href="#[4f]">DMA2_STR6_IRQHandler</a> from startup_apm32f40x.o(.text) referenced from startup_apm32f40x.o(RESET)
 <LI><a href="#[50]">DMA2_STR7_IRQHandler</a> from startup_apm32f40x.o(.text) referenced from startup_apm32f40x.o(RESET)
 <LI><a href="#[7]">DebugMon_Handler</a> from apm32f4xx_int.o(i.DebugMon_Handler) referenced from startup_apm32f40x.o(RESET)
 <LI><a href="#[10]">EINT0_IRQHandler</a> from startup_apm32f40x.o(.text) referenced from startup_apm32f40x.o(RESET)
 <LI><a href="#[32]">EINT15_10_IRQHandler</a> from startup_apm32f40x.o(.text) referenced from startup_apm32f40x.o(RESET)
 <LI><a href="#[11]">EINT1_IRQHandler</a> from startup_apm32f40x.o(.text) referenced from startup_apm32f40x.o(RESET)
 <LI><a href="#[12]">EINT2_IRQHandler</a> from startup_apm32f40x.o(.text) referenced from startup_apm32f40x.o(RESET)
 <LI><a href="#[13]">EINT3_IRQHandler</a> from startup_apm32f40x.o(.text) referenced from startup_apm32f40x.o(RESET)
 <LI><a href="#[14]">EINT4_IRQHandler</a> from startup_apm32f40x.o(.text) referenced from startup_apm32f40x.o(RESET)
 <LI><a href="#[21]">EINT9_5_IRQHandler</a> from startup_apm32f40x.o(.text) referenced from startup_apm32f40x.o(RESET)
 <LI><a href="#[3a]">EMMC_IRQHandler</a> from startup_apm32f40x.o(.text) referenced from startup_apm32f40x.o(RESET)
 <LI><a href="#[47]">ETH_IRQHandler</a> from startup_apm32f40x.o(.text) referenced from startup_apm32f40x.o(RESET)
 <LI><a href="#[48]">ETH_WKUP_IRQHandler</a> from startup_apm32f40x.o(.text) referenced from startup_apm32f40x.o(RESET)
 <LI><a href="#[e]">FLASH_IRQHandler</a> from startup_apm32f40x.o(.text) referenced from startup_apm32f40x.o(RESET)
 <LI><a href="#[59]">FPU_IRQHandler</a> from startup_apm32f40x.o(.text) referenced from startup_apm32f40x.o(RESET)
 <LI><a href="#[2]">HardFault_Handler</a> from apm32f4xx_int.o(i.HardFault_Handler) referenced from startup_apm32f40x.o(RESET)
 <LI><a href="#[2a]">I2C1_ER_IRQHandler</a> from startup_apm32f40x.o(.text) referenced from startup_apm32f40x.o(RESET)
 <LI><a href="#[29]">I2C1_EV_IRQHandler</a> from startup_apm32f40x.o(.text) referenced from startup_apm32f40x.o(RESET)
 <LI><a href="#[2c]">I2C2_ER_IRQHandler</a> from startup_apm32f40x.o(.text) referenced from startup_apm32f40x.o(RESET)
 <LI><a href="#[2b]">I2C2_EV_IRQHandler</a> from startup_apm32f40x.o(.text) referenced from startup_apm32f40x.o(RESET)
 <LI><a href="#[53]">I2C3_ER_IRQHandler</a> from startup_apm32f40x.o(.text) referenced from startup_apm32f40x.o(RESET)
 <LI><a href="#[52]">I2C3_EV_IRQHandler</a> from startup_apm32f40x.o(.text) referenced from startup_apm32f40x.o(RESET)
 <LI><a href="#[3]">MemManage_Handler</a> from apm32f4xx_int.o(i.MemManage_Handler) referenced from startup_apm32f40x.o(RESET)
 <LI><a href="#[1]">NMI_Handler</a> from apm32f4xx_int.o(i.NMI_Handler) referenced from startup_apm32f40x.o(RESET)
 <LI><a href="#[4d]">OTG_FS_IRQHandler</a> from startup_apm32f40x.o(.text) referenced from startup_apm32f40x.o(RESET)
 <LI><a href="#[34]">OTG_FS_WKUP_IRQHandler</a> from startup_apm32f40x.o(.text) referenced from startup_apm32f40x.o(RESET)
 <LI><a href="#[55]">OTG_HS1_EP1_IN_IRQHandler</a> from startup_apm32f40x.o(.text) referenced from startup_apm32f40x.o(RESET)
 <LI><a href="#[54]">OTG_HS1_EP1_OUT_IRQHandler</a> from startup_apm32f40x.o(.text) referenced from startup_apm32f40x.o(RESET)
 <LI><a href="#[57]">OTG_HS1_IRQHandler</a> from startup_apm32f40x.o(.text) referenced from startup_apm32f40x.o(RESET)
 <LI><a href="#[56]">OTG_HS1_WKUP_IRQHandler</a> from startup_apm32f40x.o(.text) referenced from startup_apm32f40x.o(RESET)
 <LI><a href="#[b]">PVD_IRQHandler</a> from startup_apm32f40x.o(.text) referenced from startup_apm32f40x.o(RESET)
 <LI><a href="#[8]">PendSV_Handler</a> from apm32f4xx_int.o(i.PendSV_Handler) referenced from startup_apm32f40x.o(RESET)
 <LI><a href="#[f]">RCM_IRQHandler</a> from startup_apm32f40x.o(.text) referenced from startup_apm32f40x.o(RESET)
 <LI><a href="#[33]">RTC_Alarm_IRQHandler</a> from startup_apm32f40x.o(.text) referenced from startup_apm32f40x.o(RESET)
 <LI><a href="#[d]">RTC_WKUP_IRQHandler</a> from startup_apm32f40x.o(.text) referenced from startup_apm32f40x.o(RESET)
 <LI><a href="#[0]">Reset_Handler</a> from startup_apm32f40x.o(.text) referenced from startup_apm32f40x.o(RESET)
 <LI><a href="#[3b]">SDIO_IRQHandler</a> from startup_apm32f40x.o(.text) referenced from startup_apm32f40x.o(RESET)
 <LI><a href="#[5a]">SM3_IRQHandler</a> from startup_apm32f40x.o(.text) referenced from startup_apm32f40x.o(RESET)
 <LI><a href="#[5b]">SM4_IRQHandler</a> from startup_apm32f40x.o(.text) referenced from startup_apm32f40x.o(RESET)
 <LI><a href="#[2d]">SPI1_IRQHandler</a> from startup_apm32f40x.o(.text) referenced from startup_apm32f40x.o(RESET)
 <LI><a href="#[2e]">SPI2_IRQHandler</a> from startup_apm32f40x.o(.text) referenced from startup_apm32f40x.o(RESET)
 <LI><a href="#[3d]">SPI3_IRQHandler</a> from startup_apm32f40x.o(.text) referenced from startup_apm32f40x.o(RESET)
 <LI><a href="#[6]">SVC_Handler</a> from apm32f4xx_int.o(i.SVC_Handler) referenced from startup_apm32f40x.o(RESET)
 <LI><a href="#[9]">SysTick_Handler</a> from apm32f4xx_int.o(i.SysTick_Handler) referenced from startup_apm32f40x.o(RESET)
 <LI><a href="#[5e]">SystemInit</a> from system_apm32f4xx.o(i.SystemInit) referenced from startup_apm32f40x.o(.text)
 <LI><a href="#[c]">TAMP_STAMP_IRQHandler</a> from startup_apm32f40x.o(.text) referenced from startup_apm32f40x.o(RESET)
 <LI><a href="#[22]">TMR1_BRK_TMR9_IRQHandler</a> from startup_apm32f40x.o(.text) referenced from startup_apm32f40x.o(RESET)
 <LI><a href="#[25]">TMR1_CC_IRQHandler</a> from startup_apm32f40x.o(.text) referenced from startup_apm32f40x.o(RESET)
 <LI><a href="#[24]">TMR1_TRG_COM_TMR11_IRQHandler</a> from startup_apm32f40x.o(.text) referenced from startup_apm32f40x.o(RESET)
 <LI><a href="#[23]">TMR1_UP_TMR10_IRQHandler</a> from startup_apm32f40x.o(.text) referenced from startup_apm32f40x.o(RESET)
 <LI><a href="#[26]">TMR2_IRQHandler</a> from startup_apm32f40x.o(.text) referenced from startup_apm32f40x.o(RESET)
 <LI><a href="#[27]">TMR3_IRQHandler</a> from startup_apm32f40x.o(.text) referenced from startup_apm32f40x.o(RESET)
 <LI><a href="#[28]">TMR4_IRQHandler</a> from startup_apm32f40x.o(.text) referenced from startup_apm32f40x.o(RESET)
 <LI><a href="#[3c]">TMR5_IRQHandler</a> from startup_apm32f40x.o(.text) referenced from startup_apm32f40x.o(RESET)
 <LI><a href="#[40]">TMR6_DAC_IRQHandler</a> from startup_apm32f40x.o(.text) referenced from startup_apm32f40x.o(RESET)
 <LI><a href="#[41]">TMR7_IRQHandler</a> from startup_apm32f40x.o(.text) referenced from startup_apm32f40x.o(RESET)
 <LI><a href="#[35]">TMR8_BRK_TMR12_IRQHandler</a> from startup_apm32f40x.o(.text) referenced from startup_apm32f40x.o(RESET)
 <LI><a href="#[38]">TMR8_CC_IRQHandler</a> from startup_apm32f40x.o(.text) referenced from startup_apm32f40x.o(RESET)
 <LI><a href="#[37]">TMR8_TRG_COM_TMR14_IRQHandler</a> from startup_apm32f40x.o(.text) referenced from startup_apm32f40x.o(RESET)
 <LI><a href="#[36]">TMR8_UP_TMR13_IRQHandler</a> from startup_apm32f40x.o(.text) referenced from startup_apm32f40x.o(RESET)
 <LI><a href="#[3e]">UART4_IRQHandler</a> from startup_apm32f40x.o(.text) referenced from startup_apm32f40x.o(RESET)
 <LI><a href="#[3f]">UART5_IRQHandler</a> from startup_apm32f40x.o(.text) referenced from startup_apm32f40x.o(RESET)
 <LI><a href="#[2f]">USART1_IRQHandler</a> from startup_apm32f40x.o(.text) referenced from startup_apm32f40x.o(RESET)
 <LI><a href="#[30]">USART2_IRQHandler</a> from startup_apm32f40x.o(.text) referenced from startup_apm32f40x.o(RESET)
 <LI><a href="#[31]">USART3_IRQHandler</a> from startup_apm32f40x.o(.text) referenced from startup_apm32f40x.o(RESET)
 <LI><a href="#[51]">USART6_IRQHandler</a> from startup_apm32f40x.o(.text) referenced from startup_apm32f40x.o(RESET)
 <LI><a href="#[5]">UsageFault_Handler</a> from apm32f4xx_int.o(i.UsageFault_Handler) referenced from startup_apm32f40x.o(RESET)
 <LI><a href="#[a]">WWDT_IRQHandler</a> from startup_apm32f40x.o(.text) referenced from startup_apm32f40x.o(RESET)
 <LI><a href="#[5f]">__main</a> from entry.o(.ARM.Collect$$$$00000000) referenced from startup_apm32f40x.o(.text)
 <LI><a href="#[5d]">main</a> from main.o(i.main) referenced from entry9a.o(.ARM.Collect$$$$0000000B)
</UL>
<P>
<H3>
Global Symbols
</H3>
<P><STRONG><a name="[5f]"></a>__main</STRONG> (Thumb, 0 bytes, Stack size unknown bytes, entry.o(.ARM.Collect$$$$00000000))
<BR>[Address Reference Count : 1]<UL><LI> startup_apm32f40x.o(.text)
</UL>
<P><STRONG><a name="[78]"></a>_main_stk</STRONG> (Thumb, 0 bytes, Stack size unknown bytes, entry2.o(.ARM.Collect$$$$00000001))

<P><STRONG><a name="[60]"></a>_main_scatterload</STRONG> (Thumb, 0 bytes, Stack size unknown bytes, entry5.o(.ARM.Collect$$$$00000004))
<BR><BR>[Calls]<UL><LI><a href="#[61]">&gt;&gt;</a>&nbsp;&nbsp;&nbsp;__scatterload
</UL>

<P><STRONG><a name="[62]"></a>__main_after_scatterload</STRONG> (Thumb, 0 bytes, Stack size unknown bytes, entry5.o(.ARM.Collect$$$$00000004))
<BR><BR>[Called By]<UL><LI><a href="#[61]">&gt;&gt;</a>&nbsp;&nbsp;&nbsp;__scatterload
</UL>

<P><STRONG><a name="[79]"></a>_main_clock</STRONG> (Thumb, 0 bytes, Stack size unknown bytes, entry7b.o(.ARM.Collect$$$$00000008))

<P><STRONG><a name="[7a]"></a>_main_cpp_init</STRONG> (Thumb, 0 bytes, Stack size unknown bytes, entry8b.o(.ARM.Collect$$$$0000000A))

<P><STRONG><a name="[7b]"></a>_main_init</STRONG> (Thumb, 0 bytes, Stack size unknown bytes, entry9a.o(.ARM.Collect$$$$0000000B))

<P><STRONG><a name="[7c]"></a>__rt_final_cpp</STRONG> (Thumb, 0 bytes, Stack size unknown bytes, entry10a.o(.ARM.Collect$$$$0000000D))

<P><STRONG><a name="[7d]"></a>__rt_final_exit</STRONG> (Thumb, 0 bytes, Stack size unknown bytes, entry11a.o(.ARM.Collect$$$$0000000F))

<P><STRONG><a name="[0]"></a>Reset_Handler</STRONG> (Thumb, 8 bytes, Stack size 0 bytes, startup_apm32f40x.o(.text))
<BR>[Address Reference Count : 1]<UL><LI> startup_apm32f40x.o(RESET)
</UL>
<P><STRONG><a name="[5c]"></a>BN_IRQHandler</STRONG> (Thumb, 0 bytes, Stack size 0 bytes, startup_apm32f40x.o(.text))
<BR><BR>[Calls]<UL><LI><a href="#[5c]">&gt;&gt;</a>&nbsp;&nbsp;&nbsp;BN_IRQHandler
</UL>
<BR>[Called By]<UL><LI><a href="#[5c]">&gt;&gt;</a>&nbsp;&nbsp;&nbsp;BN_IRQHandler
</UL>
<BR>[Address Reference Count : 1]<UL><LI> startup_apm32f40x.o(RESET)
</UL>
<P><STRONG><a name="[1e]"></a>CAN1_RX0_IRQHandler</STRONG> (Thumb, 0 bytes, Stack size 0 bytes, startup_apm32f40x.o(.text))
<BR>[Address Reference Count : 1]<UL><LI> startup_apm32f40x.o(RESET)
</UL>
<P><STRONG><a name="[1f]"></a>CAN1_RX1_IRQHandler</STRONG> (Thumb, 0 bytes, Stack size 0 bytes, startup_apm32f40x.o(.text))
<BR>[Address Reference Count : 1]<UL><LI> startup_apm32f40x.o(RESET)
</UL>
<P><STRONG><a name="[20]"></a>CAN1_SCE_IRQHandler</STRONG> (Thumb, 0 bytes, Stack size 0 bytes, startup_apm32f40x.o(.text))
<BR>[Address Reference Count : 1]<UL><LI> startup_apm32f40x.o(RESET)
</UL>
<P><STRONG><a name="[1d]"></a>CAN1_TX_IRQHandler</STRONG> (Thumb, 0 bytes, Stack size 0 bytes, startup_apm32f40x.o(.text))
<BR>[Address Reference Count : 1]<UL><LI> startup_apm32f40x.o(RESET)
</UL>
<P><STRONG><a name="[4a]"></a>CAN2_RX0_IRQHandler</STRONG> (Thumb, 0 bytes, Stack size 0 bytes, startup_apm32f40x.o(.text))
<BR>[Address Reference Count : 1]<UL><LI> startup_apm32f40x.o(RESET)
</UL>
<P><STRONG><a name="[4b]"></a>CAN2_RX1_IRQHandler</STRONG> (Thumb, 0 bytes, Stack size 0 bytes, startup_apm32f40x.o(.text))
<BR>[Address Reference Count : 1]<UL><LI> startup_apm32f40x.o(RESET)
</UL>
<P><STRONG><a name="[4c]"></a>CAN2_SCE_IRQHandler</STRONG> (Thumb, 0 bytes, Stack size 0 bytes, startup_apm32f40x.o(.text))
<BR>[Address Reference Count : 1]<UL><LI> startup_apm32f40x.o(RESET)
</UL>
<P><STRONG><a name="[49]"></a>CAN2_TX_IRQHandler</STRONG> (Thumb, 0 bytes, Stack size 0 bytes, startup_apm32f40x.o(.text))
<BR>[Address Reference Count : 1]<UL><LI> startup_apm32f40x.o(RESET)
</UL>
<P><STRONG><a name="[58]"></a>DCI_IRQHandler</STRONG> (Thumb, 0 bytes, Stack size 0 bytes, startup_apm32f40x.o(.text))
<BR>[Address Reference Count : 1]<UL><LI> startup_apm32f40x.o(RESET)
</UL>
<P><STRONG><a name="[15]"></a>DMA1_STR0_IRQHandler</STRONG> (Thumb, 0 bytes, Stack size 0 bytes, startup_apm32f40x.o(.text))
<BR>[Address Reference Count : 1]<UL><LI> startup_apm32f40x.o(RESET)
</UL>
<P><STRONG><a name="[16]"></a>DMA1_STR1_IRQHandler</STRONG> (Thumb, 0 bytes, Stack size 0 bytes, startup_apm32f40x.o(.text))
<BR>[Address Reference Count : 1]<UL><LI> startup_apm32f40x.o(RESET)
</UL>
<P><STRONG><a name="[17]"></a>DMA1_STR2_IRQHandler</STRONG> (Thumb, 0 bytes, Stack size 0 bytes, startup_apm32f40x.o(.text))
<BR>[Address Reference Count : 1]<UL><LI> startup_apm32f40x.o(RESET)
</UL>
<P><STRONG><a name="[18]"></a>DMA1_STR3_IRQHandler</STRONG> (Thumb, 0 bytes, Stack size 0 bytes, startup_apm32f40x.o(.text))
<BR>[Address Reference Count : 1]<UL><LI> startup_apm32f40x.o(RESET)
</UL>
<P><STRONG><a name="[19]"></a>DMA1_STR4_IRQHandler</STRONG> (Thumb, 0 bytes, Stack size 0 bytes, startup_apm32f40x.o(.text))
<BR>[Address Reference Count : 1]<UL><LI> startup_apm32f40x.o(RESET)
</UL>
<P><STRONG><a name="[1a]"></a>DMA1_STR5_IRQHandler</STRONG> (Thumb, 0 bytes, Stack size 0 bytes, startup_apm32f40x.o(.text))
<BR>[Address Reference Count : 1]<UL><LI> startup_apm32f40x.o(RESET)
</UL>
<P><STRONG><a name="[1b]"></a>DMA1_STR6_IRQHandler</STRONG> (Thumb, 0 bytes, Stack size 0 bytes, startup_apm32f40x.o(.text))
<BR>[Address Reference Count : 1]<UL><LI> startup_apm32f40x.o(RESET)
</UL>
<P><STRONG><a name="[39]"></a>DMA1_STR7_IRQHandler</STRONG> (Thumb, 0 bytes, Stack size 0 bytes, startup_apm32f40x.o(.text))
<BR>[Address Reference Count : 1]<UL><LI> startup_apm32f40x.o(RESET)
</UL>
<P><STRONG><a name="[42]"></a>DMA2_STR0_IRQHandler</STRONG> (Thumb, 0 bytes, Stack size 0 bytes, startup_apm32f40x.o(.text))
<BR>[Address Reference Count : 1]<UL><LI> startup_apm32f40x.o(RESET)
</UL>
<P><STRONG><a name="[43]"></a>DMA2_STR1_IRQHandler</STRONG> (Thumb, 0 bytes, Stack size 0 bytes, startup_apm32f40x.o(.text))
<BR>[Address Reference Count : 1]<UL><LI> startup_apm32f40x.o(RESET)
</UL>
<P><STRONG><a name="[44]"></a>DMA2_STR2_IRQHandler</STRONG> (Thumb, 0 bytes, Stack size 0 bytes, startup_apm32f40x.o(.text))
<BR>[Address Reference Count : 1]<UL><LI> startup_apm32f40x.o(RESET)
</UL>
<P><STRONG><a name="[45]"></a>DMA2_STR3_IRQHandler</STRONG> (Thumb, 0 bytes, Stack size 0 bytes, startup_apm32f40x.o(.text))
<BR>[Address Reference Count : 1]<UL><LI> startup_apm32f40x.o(RESET)
</UL>
<P><STRONG><a name="[46]"></a>DMA2_STR4_IRQHandler</STRONG> (Thumb, 0 bytes, Stack size 0 bytes, startup_apm32f40x.o(.text))
<BR>[Address Reference Count : 1]<UL><LI> startup_apm32f40x.o(RESET)
</UL>
<P><STRONG><a name="[4e]"></a>DMA2_STR5_IRQHandler</STRONG> (Thumb, 0 bytes, Stack size 0 bytes, startup_apm32f40x.o(.text))
<BR>[Address Reference Count : 1]<UL><LI> startup_apm32f40x.o(RESET)
</UL>
<P><STRONG><a name="[4f]"></a>DMA2_STR6_IRQHandler</STRONG> (Thumb, 0 bytes, Stack size 0 bytes, startup_apm32f40x.o(.text))
<BR>[Address Reference Count : 1]<UL><LI> startup_apm32f40x.o(RESET)
</UL>
<P><STRONG><a name="[50]"></a>DMA2_STR7_IRQHandler</STRONG> (Thumb, 0 bytes, Stack size 0 bytes, startup_apm32f40x.o(.text))
<BR>[Address Reference Count : 1]<UL><LI> startup_apm32f40x.o(RESET)
</UL>
<P><STRONG><a name="[10]"></a>EINT0_IRQHandler</STRONG> (Thumb, 0 bytes, Stack size 0 bytes, startup_apm32f40x.o(.text))
<BR>[Address Reference Count : 1]<UL><LI> startup_apm32f40x.o(RESET)
</UL>
<P><STRONG><a name="[32]"></a>EINT15_10_IRQHandler</STRONG> (Thumb, 0 bytes, Stack size 0 bytes, startup_apm32f40x.o(.text))
<BR>[Address Reference Count : 1]<UL><LI> startup_apm32f40x.o(RESET)
</UL>
<P><STRONG><a name="[11]"></a>EINT1_IRQHandler</STRONG> (Thumb, 0 bytes, Stack size 0 bytes, startup_apm32f40x.o(.text))
<BR>[Address Reference Count : 1]<UL><LI> startup_apm32f40x.o(RESET)
</UL>
<P><STRONG><a name="[12]"></a>EINT2_IRQHandler</STRONG> (Thumb, 0 bytes, Stack size 0 bytes, startup_apm32f40x.o(.text))
<BR>[Address Reference Count : 1]<UL><LI> startup_apm32f40x.o(RESET)
</UL>
<P><STRONG><a name="[13]"></a>EINT3_IRQHandler</STRONG> (Thumb, 0 bytes, Stack size 0 bytes, startup_apm32f40x.o(.text))
<BR>[Address Reference Count : 1]<UL><LI> startup_apm32f40x.o(RESET)
</UL>
<P><STRONG><a name="[14]"></a>EINT4_IRQHandler</STRONG> (Thumb, 0 bytes, Stack size 0 bytes, startup_apm32f40x.o(.text))
<BR>[Address Reference Count : 1]<UL><LI> startup_apm32f40x.o(RESET)
</UL>
<P><STRONG><a name="[21]"></a>EINT9_5_IRQHandler</STRONG> (Thumb, 0 bytes, Stack size 0 bytes, startup_apm32f40x.o(.text))
<BR>[Address Reference Count : 1]<UL><LI> startup_apm32f40x.o(RESET)
</UL>
<P><STRONG><a name="[3a]"></a>EMMC_IRQHandler</STRONG> (Thumb, 0 bytes, Stack size 0 bytes, startup_apm32f40x.o(.text))
<BR>[Address Reference Count : 1]<UL><LI> startup_apm32f40x.o(RESET)
</UL>
<P><STRONG><a name="[47]"></a>ETH_IRQHandler</STRONG> (Thumb, 0 bytes, Stack size 0 bytes, startup_apm32f40x.o(.text))
<BR>[Address Reference Count : 1]<UL><LI> startup_apm32f40x.o(RESET)
</UL>
<P><STRONG><a name="[48]"></a>ETH_WKUP_IRQHandler</STRONG> (Thumb, 0 bytes, Stack size 0 bytes, startup_apm32f40x.o(.text))
<BR>[Address Reference Count : 1]<UL><LI> startup_apm32f40x.o(RESET)
</UL>
<P><STRONG><a name="[e]"></a>FLASH_IRQHandler</STRONG> (Thumb, 0 bytes, Stack size 0 bytes, startup_apm32f40x.o(.text))
<BR>[Address Reference Count : 1]<UL><LI> startup_apm32f40x.o(RESET)
</UL>
<P><STRONG><a name="[59]"></a>FPU_IRQHandler</STRONG> (Thumb, 0 bytes, Stack size 0 bytes, startup_apm32f40x.o(.text))
<BR>[Address Reference Count : 1]<UL><LI> startup_apm32f40x.o(RESET)
</UL>
<P><STRONG><a name="[2a]"></a>I2C1_ER_IRQHandler</STRONG> (Thumb, 0 bytes, Stack size 0 bytes, startup_apm32f40x.o(.text))
<BR>[Address Reference Count : 1]<UL><LI> startup_apm32f40x.o(RESET)
</UL>
<P><STRONG><a name="[29]"></a>I2C1_EV_IRQHandler</STRONG> (Thumb, 0 bytes, Stack size 0 bytes, startup_apm32f40x.o(.text))
<BR>[Address Reference Count : 1]<UL><LI> startup_apm32f40x.o(RESET)
</UL>
<P><STRONG><a name="[2c]"></a>I2C2_ER_IRQHandler</STRONG> (Thumb, 0 bytes, Stack size 0 bytes, startup_apm32f40x.o(.text))
<BR>[Address Reference Count : 1]<UL><LI> startup_apm32f40x.o(RESET)
</UL>
<P><STRONG><a name="[2b]"></a>I2C2_EV_IRQHandler</STRONG> (Thumb, 0 bytes, Stack size 0 bytes, startup_apm32f40x.o(.text))
<BR>[Address Reference Count : 1]<UL><LI> startup_apm32f40x.o(RESET)
</UL>
<P><STRONG><a name="[53]"></a>I2C3_ER_IRQHandler</STRONG> (Thumb, 0 bytes, Stack size 0 bytes, startup_apm32f40x.o(.text))
<BR>[Address Reference Count : 1]<UL><LI> startup_apm32f40x.o(RESET)
</UL>
<P><STRONG><a name="[52]"></a>I2C3_EV_IRQHandler</STRONG> (Thumb, 0 bytes, Stack size 0 bytes, startup_apm32f40x.o(.text))
<BR>[Address Reference Count : 1]<UL><LI> startup_apm32f40x.o(RESET)
</UL>
<P><STRONG><a name="[4d]"></a>OTG_FS_IRQHandler</STRONG> (Thumb, 0 bytes, Stack size 0 bytes, startup_apm32f40x.o(.text))
<BR>[Address Reference Count : 1]<UL><LI> startup_apm32f40x.o(RESET)
</UL>
<P><STRONG><a name="[34]"></a>OTG_FS_WKUP_IRQHandler</STRONG> (Thumb, 0 bytes, Stack size 0 bytes, startup_apm32f40x.o(.text))
<BR>[Address Reference Count : 1]<UL><LI> startup_apm32f40x.o(RESET)
</UL>
<P><STRONG><a name="[55]"></a>OTG_HS1_EP1_IN_IRQHandler</STRONG> (Thumb, 0 bytes, Stack size 0 bytes, startup_apm32f40x.o(.text))
<BR>[Address Reference Count : 1]<UL><LI> startup_apm32f40x.o(RESET)
</UL>
<P><STRONG><a name="[54]"></a>OTG_HS1_EP1_OUT_IRQHandler</STRONG> (Thumb, 0 bytes, Stack size 0 bytes, startup_apm32f40x.o(.text))
<BR>[Address Reference Count : 1]<UL><LI> startup_apm32f40x.o(RESET)
</UL>
<P><STRONG><a name="[57]"></a>OTG_HS1_IRQHandler</STRONG> (Thumb, 0 bytes, Stack size 0 bytes, startup_apm32f40x.o(.text))
<BR>[Address Reference Count : 1]<UL><LI> startup_apm32f40x.o(RESET)
</UL>
<P><STRONG><a name="[56]"></a>OTG_HS1_WKUP_IRQHandler</STRONG> (Thumb, 0 bytes, Stack size 0 bytes, startup_apm32f40x.o(.text))
<BR>[Address Reference Count : 1]<UL><LI> startup_apm32f40x.o(RESET)
</UL>
<P><STRONG><a name="[b]"></a>PVD_IRQHandler</STRONG> (Thumb, 0 bytes, Stack size 0 bytes, startup_apm32f40x.o(.text))
<BR>[Address Reference Count : 1]<UL><LI> startup_apm32f40x.o(RESET)
</UL>
<P><STRONG><a name="[f]"></a>RCM_IRQHandler</STRONG> (Thumb, 0 bytes, Stack size 0 bytes, startup_apm32f40x.o(.text))
<BR>[Address Reference Count : 1]<UL><LI> startup_apm32f40x.o(RESET)
</UL>
<P><STRONG><a name="[33]"></a>RTC_Alarm_IRQHandler</STRONG> (Thumb, 0 bytes, Stack size 0 bytes, startup_apm32f40x.o(.text))
<BR>[Address Reference Count : 1]<UL><LI> startup_apm32f40x.o(RESET)
</UL>
<P><STRONG><a name="[d]"></a>RTC_WKUP_IRQHandler</STRONG> (Thumb, 0 bytes, Stack size 0 bytes, startup_apm32f40x.o(.text))
<BR>[Address Reference Count : 1]<UL><LI> startup_apm32f40x.o(RESET)
</UL>
<P><STRONG><a name="[3b]"></a>SDIO_IRQHandler</STRONG> (Thumb, 0 bytes, Stack size 0 bytes, startup_apm32f40x.o(.text))
<BR>[Address Reference Count : 1]<UL><LI> startup_apm32f40x.o(RESET)
</UL>
<P><STRONG><a name="[5a]"></a>SM3_IRQHandler</STRONG> (Thumb, 0 bytes, Stack size 0 bytes, startup_apm32f40x.o(.text))
<BR>[Address Reference Count : 1]<UL><LI> startup_apm32f40x.o(RESET)
</UL>
<P><STRONG><a name="[5b]"></a>SM4_IRQHandler</STRONG> (Thumb, 0 bytes, Stack size 0 bytes, startup_apm32f40x.o(.text))
<BR>[Address Reference Count : 1]<UL><LI> startup_apm32f40x.o(RESET)
</UL>
<P><STRONG><a name="[2d]"></a>SPI1_IRQHandler</STRONG> (Thumb, 0 bytes, Stack size 0 bytes, startup_apm32f40x.o(.text))
<BR>[Address Reference Count : 1]<UL><LI> startup_apm32f40x.o(RESET)
</UL>
<P><STRONG><a name="[2e]"></a>SPI2_IRQHandler</STRONG> (Thumb, 0 bytes, Stack size 0 bytes, startup_apm32f40x.o(.text))
<BR>[Address Reference Count : 1]<UL><LI> startup_apm32f40x.o(RESET)
</UL>
<P><STRONG><a name="[3d]"></a>SPI3_IRQHandler</STRONG> (Thumb, 0 bytes, Stack size 0 bytes, startup_apm32f40x.o(.text))
<BR>[Address Reference Count : 1]<UL><LI> startup_apm32f40x.o(RESET)
</UL>
<P><STRONG><a name="[c]"></a>TAMP_STAMP_IRQHandler</STRONG> (Thumb, 0 bytes, Stack size 0 bytes, startup_apm32f40x.o(.text))
<BR>[Address Reference Count : 1]<UL><LI> startup_apm32f40x.o(RESET)
</UL>
<P><STRONG><a name="[22]"></a>TMR1_BRK_TMR9_IRQHandler</STRONG> (Thumb, 0 bytes, Stack size 0 bytes, startup_apm32f40x.o(.text))
<BR>[Address Reference Count : 1]<UL><LI> startup_apm32f40x.o(RESET)
</UL>
<P><STRONG><a name="[25]"></a>TMR1_CC_IRQHandler</STRONG> (Thumb, 0 bytes, Stack size 0 bytes, startup_apm32f40x.o(.text))
<BR>[Address Reference Count : 1]<UL><LI> startup_apm32f40x.o(RESET)
</UL>
<P><STRONG><a name="[24]"></a>TMR1_TRG_COM_TMR11_IRQHandler</STRONG> (Thumb, 0 bytes, Stack size 0 bytes, startup_apm32f40x.o(.text))
<BR>[Address Reference Count : 1]<UL><LI> startup_apm32f40x.o(RESET)
</UL>
<P><STRONG><a name="[23]"></a>TMR1_UP_TMR10_IRQHandler</STRONG> (Thumb, 0 bytes, Stack size 0 bytes, startup_apm32f40x.o(.text))
<BR>[Address Reference Count : 1]<UL><LI> startup_apm32f40x.o(RESET)
</UL>
<P><STRONG><a name="[26]"></a>TMR2_IRQHandler</STRONG> (Thumb, 0 bytes, Stack size 0 bytes, startup_apm32f40x.o(.text))
<BR>[Address Reference Count : 1]<UL><LI> startup_apm32f40x.o(RESET)
</UL>
<P><STRONG><a name="[27]"></a>TMR3_IRQHandler</STRONG> (Thumb, 0 bytes, Stack size 0 bytes, startup_apm32f40x.o(.text))
<BR>[Address Reference Count : 1]<UL><LI> startup_apm32f40x.o(RESET)
</UL>
<P><STRONG><a name="[28]"></a>TMR4_IRQHandler</STRONG> (Thumb, 0 bytes, Stack size 0 bytes, startup_apm32f40x.o(.text))
<BR>[Address Reference Count : 1]<UL><LI> startup_apm32f40x.o(RESET)
</UL>
<P><STRONG><a name="[3c]"></a>TMR5_IRQHandler</STRONG> (Thumb, 0 bytes, Stack size 0 bytes, startup_apm32f40x.o(.text))
<BR>[Address Reference Count : 1]<UL><LI> startup_apm32f40x.o(RESET)
</UL>
<P><STRONG><a name="[40]"></a>TMR6_DAC_IRQHandler</STRONG> (Thumb, 0 bytes, Stack size 0 bytes, startup_apm32f40x.o(.text))
<BR>[Address Reference Count : 1]<UL><LI> startup_apm32f40x.o(RESET)
</UL>
<P><STRONG><a name="[41]"></a>TMR7_IRQHandler</STRONG> (Thumb, 0 bytes, Stack size 0 bytes, startup_apm32f40x.o(.text))
<BR>[Address Reference Count : 1]<UL><LI> startup_apm32f40x.o(RESET)
</UL>
<P><STRONG><a name="[35]"></a>TMR8_BRK_TMR12_IRQHandler</STRONG> (Thumb, 0 bytes, Stack size 0 bytes, startup_apm32f40x.o(.text))
<BR>[Address Reference Count : 1]<UL><LI> startup_apm32f40x.o(RESET)
</UL>
<P><STRONG><a name="[38]"></a>TMR8_CC_IRQHandler</STRONG> (Thumb, 0 bytes, Stack size 0 bytes, startup_apm32f40x.o(.text))
<BR>[Address Reference Count : 1]<UL><LI> startup_apm32f40x.o(RESET)
</UL>
<P><STRONG><a name="[37]"></a>TMR8_TRG_COM_TMR14_IRQHandler</STRONG> (Thumb, 0 bytes, Stack size 0 bytes, startup_apm32f40x.o(.text))
<BR>[Address Reference Count : 1]<UL><LI> startup_apm32f40x.o(RESET)
</UL>
<P><STRONG><a name="[36]"></a>TMR8_UP_TMR13_IRQHandler</STRONG> (Thumb, 0 bytes, Stack size 0 bytes, startup_apm32f40x.o(.text))
<BR>[Address Reference Count : 1]<UL><LI> startup_apm32f40x.o(RESET)
</UL>
<P><STRONG><a name="[3e]"></a>UART4_IRQHandler</STRONG> (Thumb, 0 bytes, Stack size 0 bytes, startup_apm32f40x.o(.text))
<BR>[Address Reference Count : 1]<UL><LI> startup_apm32f40x.o(RESET)
</UL>
<P><STRONG><a name="[3f]"></a>UART5_IRQHandler</STRONG> (Thumb, 0 bytes, Stack size 0 bytes, startup_apm32f40x.o(.text))
<BR>[Address Reference Count : 1]<UL><LI> startup_apm32f40x.o(RESET)
</UL>
<P><STRONG><a name="[2f]"></a>USART1_IRQHandler</STRONG> (Thumb, 0 bytes, Stack size 0 bytes, startup_apm32f40x.o(.text))
<BR>[Address Reference Count : 1]<UL><LI> startup_apm32f40x.o(RESET)
</UL>
<P><STRONG><a name="[30]"></a>USART2_IRQHandler</STRONG> (Thumb, 0 bytes, Stack size 0 bytes, startup_apm32f40x.o(.text))
<BR>[Address Reference Count : 1]<UL><LI> startup_apm32f40x.o(RESET)
</UL>
<P><STRONG><a name="[31]"></a>USART3_IRQHandler</STRONG> (Thumb, 0 bytes, Stack size 0 bytes, startup_apm32f40x.o(.text))
<BR>[Address Reference Count : 1]<UL><LI> startup_apm32f40x.o(RESET)
</UL>
<P><STRONG><a name="[51]"></a>USART6_IRQHandler</STRONG> (Thumb, 0 bytes, Stack size 0 bytes, startup_apm32f40x.o(.text))
<BR>[Address Reference Count : 1]<UL><LI> startup_apm32f40x.o(RESET)
</UL>
<P><STRONG><a name="[a]"></a>WWDT_IRQHandler</STRONG> (Thumb, 0 bytes, Stack size 0 bytes, startup_apm32f40x.o(.text))
<BR>[Address Reference Count : 1]<UL><LI> startup_apm32f40x.o(RESET)
</UL>
<P><STRONG><a name="[61]"></a>__scatterload</STRONG> (Thumb, 28 bytes, Stack size 0 bytes, init.o(.text))
<BR><BR>[Calls]<UL><LI><a href="#[62]">&gt;&gt;</a>&nbsp;&nbsp;&nbsp;__main_after_scatterload
</UL>
<BR>[Called By]<UL><LI><a href="#[60]">&gt;&gt;</a>&nbsp;&nbsp;&nbsp;_main_scatterload
</UL>

<P><STRONG><a name="[7e]"></a>__scatterload_rt2</STRONG> (Thumb, 0 bytes, Stack size 0 bytes, init.o(.text), UNUSED)

<P><STRONG><a name="[1c]"></a>ADC_IRQHandler</STRONG> (Thumb, 2 bytes, Stack size 0 bytes, apm32f4xx_int.o(i.ADC_IRQHandler))
<BR>[Address Reference Count : 1]<UL><LI> startup_apm32f40x.o(RESET)
</UL>
<P><STRONG><a name="[63]"></a>APM_MINI_COMInit</STRONG> (Thumb, 178 bytes, Stack size 24 bytes, board.o(i.APM_MINI_COMInit))
<BR><BR>[Stack]<UL><LI>Max Depth = 128<LI>Call Chain = APM_MINI_COMInit &rArr; USART_Config &rArr; RCM_ReadPCLKFreq &rArr; RCM_ReadHCLKFreq &rArr; RCM_ReadSYSCLKFreq
</UL>
<BR>[Calls]<UL><LI><a href="#[64]">&gt;&gt;</a>&nbsp;&nbsp;&nbsp;GPIO_ConfigStructInit
<LI><a href="#[68]">&gt;&gt;</a>&nbsp;&nbsp;&nbsp;GPIO_ConfigPinAF
<LI><a href="#[69]">&gt;&gt;</a>&nbsp;&nbsp;&nbsp;GPIO_Config
<LI><a href="#[66]">&gt;&gt;</a>&nbsp;&nbsp;&nbsp;RCM_EnableAPB2PeriphClock
<LI><a href="#[67]">&gt;&gt;</a>&nbsp;&nbsp;&nbsp;RCM_EnableAPB1PeriphClock
<LI><a href="#[65]">&gt;&gt;</a>&nbsp;&nbsp;&nbsp;RCM_EnableAHB1PeriphClock
<LI><a href="#[6b]">&gt;&gt;</a>&nbsp;&nbsp;&nbsp;USART_Enable
<LI><a href="#[6a]">&gt;&gt;</a>&nbsp;&nbsp;&nbsp;USART_Config
</UL>
<BR>[Called By]<UL><LI><a href="#[5d]">&gt;&gt;</a>&nbsp;&nbsp;&nbsp;main
</UL>

<P><STRONG><a name="[6c]"></a>APM_MINI_LEDInit</STRONG> (Thumb, 70 bytes, Stack size 16 bytes, board.o(i.APM_MINI_LEDInit))
<BR><BR>[Stack]<UL><LI>Max Depth = 36<LI>Call Chain = APM_MINI_LEDInit &rArr; GPIO_Config
</UL>
<BR>[Calls]<UL><LI><a href="#[64]">&gt;&gt;</a>&nbsp;&nbsp;&nbsp;GPIO_ConfigStructInit
<LI><a href="#[69]">&gt;&gt;</a>&nbsp;&nbsp;&nbsp;GPIO_Config
<LI><a href="#[65]">&gt;&gt;</a>&nbsp;&nbsp;&nbsp;RCM_EnableAHB1PeriphClock
</UL>
<BR>[Called By]<UL><LI><a href="#[5d]">&gt;&gt;</a>&nbsp;&nbsp;&nbsp;main
</UL>

<P><STRONG><a name="[4]"></a>BusFault_Handler</STRONG> (Thumb, 4 bytes, Stack size 0 bytes, apm32f4xx_int.o(i.BusFault_Handler))
<BR>[Address Reference Count : 1]<UL><LI> startup_apm32f40x.o(RESET)
</UL>
<P><STRONG><a name="[6f]"></a>DAC_Config</STRONG> (Thumb, 46 bytes, Stack size 12 bytes, apm32f4xx_dac.o(i.DAC_Config))
<BR><BR>[Stack]<UL><LI>Max Depth = 12<LI>Call Chain = DAC_Config
</UL>
<BR>[Called By]<UL><LI><a href="#[6d]">&gt;&gt;</a>&nbsp;&nbsp;&nbsp;DAC_Init
</UL>

<P><STRONG><a name="[71]"></a>DAC_ConfigChannel1Data</STRONG> (Thumb, 26 bytes, Stack size 8 bytes, apm32f4xx_dac.o(i.DAC_ConfigChannel1Data))
<BR><BR>[Stack]<UL><LI>Max Depth = 8<LI>Call Chain = DAC_ConfigChannel1Data
</UL>
<BR>[Called By]<UL><LI><a href="#[6d]">&gt;&gt;</a>&nbsp;&nbsp;&nbsp;DAC_Init
</UL>

<P><STRONG><a name="[6e]"></a>DAC_ConfigStructInit</STRONG> (Thumb, 12 bytes, Stack size 0 bytes, apm32f4xx_dac.o(i.DAC_ConfigStructInit))
<BR><BR>[Called By]<UL><LI><a href="#[6d]">&gt;&gt;</a>&nbsp;&nbsp;&nbsp;DAC_Init
</UL>

<P><STRONG><a name="[70]"></a>DAC_Enable</STRONG> (Thumb, 40 bytes, Stack size 0 bytes, apm32f4xx_dac.o(i.DAC_Enable))
<BR><BR>[Called By]<UL><LI><a href="#[6d]">&gt;&gt;</a>&nbsp;&nbsp;&nbsp;DAC_Init
</UL>

<P><STRONG><a name="[77]"></a>DAC_EnableSoftwareTrigger</STRONG> (Thumb, 38 bytes, Stack size 0 bytes, apm32f4xx_dac.o(i.DAC_EnableSoftwareTrigger))
<BR><BR>[Called By]<UL><LI><a href="#[5d]">&gt;&gt;</a>&nbsp;&nbsp;&nbsp;main
</UL>

<P><STRONG><a name="[6d]"></a>DAC_Init</STRONG> (Thumb, 104 bytes, Stack size 24 bytes, main.o(i.DAC_Init))
<BR><BR>[Stack]<UL><LI>Max Depth = 44<LI>Call Chain = DAC_Init &rArr; GPIO_Config
</UL>
<BR>[Calls]<UL><LI><a href="#[70]">&gt;&gt;</a>&nbsp;&nbsp;&nbsp;DAC_Enable
<LI><a href="#[6e]">&gt;&gt;</a>&nbsp;&nbsp;&nbsp;DAC_ConfigStructInit
<LI><a href="#[71]">&gt;&gt;</a>&nbsp;&nbsp;&nbsp;DAC_ConfigChannel1Data
<LI><a href="#[6f]">&gt;&gt;</a>&nbsp;&nbsp;&nbsp;DAC_Config
<LI><a href="#[64]">&gt;&gt;</a>&nbsp;&nbsp;&nbsp;GPIO_ConfigStructInit
<LI><a href="#[69]">&gt;&gt;</a>&nbsp;&nbsp;&nbsp;GPIO_Config
<LI><a href="#[67]">&gt;&gt;</a>&nbsp;&nbsp;&nbsp;RCM_EnableAPB1PeriphClock
<LI><a href="#[65]">&gt;&gt;</a>&nbsp;&nbsp;&nbsp;RCM_EnableAHB1PeriphClock
</UL>
<BR>[Called By]<UL><LI><a href="#[5d]">&gt;&gt;</a>&nbsp;&nbsp;&nbsp;main
</UL>

<P><STRONG><a name="[7]"></a>DebugMon_Handler</STRONG> (Thumb, 2 bytes, Stack size 0 bytes, apm32f4xx_int.o(i.DebugMon_Handler))
<BR>[Address Reference Count : 1]<UL><LI> startup_apm32f40x.o(RESET)
</UL>
<P><STRONG><a name="[69]"></a>GPIO_Config</STRONG> (Thumb, 144 bytes, Stack size 20 bytes, apm32f4xx_gpio.o(i.GPIO_Config))
<BR><BR>[Stack]<UL><LI>Max Depth = 20<LI>Call Chain = GPIO_Config
</UL>
<BR>[Called By]<UL><LI><a href="#[6d]">&gt;&gt;</a>&nbsp;&nbsp;&nbsp;DAC_Init
<LI><a href="#[6c]">&gt;&gt;</a>&nbsp;&nbsp;&nbsp;APM_MINI_LEDInit
<LI><a href="#[63]">&gt;&gt;</a>&nbsp;&nbsp;&nbsp;APM_MINI_COMInit
</UL>

<P><STRONG><a name="[68]"></a>GPIO_ConfigPinAF</STRONG> (Thumb, 74 bytes, Stack size 20 bytes, apm32f4xx_gpio.o(i.GPIO_ConfigPinAF))
<BR><BR>[Stack]<UL><LI>Max Depth = 20<LI>Call Chain = GPIO_ConfigPinAF
</UL>
<BR>[Called By]<UL><LI><a href="#[63]">&gt;&gt;</a>&nbsp;&nbsp;&nbsp;APM_MINI_COMInit
</UL>

<P><STRONG><a name="[64]"></a>GPIO_ConfigStructInit</STRONG> (Thumb, 18 bytes, Stack size 0 bytes, apm32f4xx_gpio.o(i.GPIO_ConfigStructInit))
<BR><BR>[Called By]<UL><LI><a href="#[6d]">&gt;&gt;</a>&nbsp;&nbsp;&nbsp;DAC_Init
<LI><a href="#[6c]">&gt;&gt;</a>&nbsp;&nbsp;&nbsp;APM_MINI_LEDInit
<LI><a href="#[63]">&gt;&gt;</a>&nbsp;&nbsp;&nbsp;APM_MINI_COMInit
</UL>

<P><STRONG><a name="[2]"></a>HardFault_Handler</STRONG> (Thumb, 4 bytes, Stack size 0 bytes, apm32f4xx_int.o(i.HardFault_Handler))
<BR>[Address Reference Count : 1]<UL><LI> startup_apm32f40x.o(RESET)
</UL>
<P><STRONG><a name="[3]"></a>MemManage_Handler</STRONG> (Thumb, 4 bytes, Stack size 0 bytes, apm32f4xx_int.o(i.MemManage_Handler))
<BR>[Address Reference Count : 1]<UL><LI> startup_apm32f40x.o(RESET)
</UL>
<P><STRONG><a name="[1]"></a>NMI_Handler</STRONG> (Thumb, 2 bytes, Stack size 0 bytes, apm32f4xx_int.o(i.NMI_Handler))
<BR>[Address Reference Count : 1]<UL><LI> startup_apm32f40x.o(RESET)
</UL>
<P><STRONG><a name="[8]"></a>PendSV_Handler</STRONG> (Thumb, 2 bytes, Stack size 0 bytes, apm32f4xx_int.o(i.PendSV_Handler))
<BR>[Address Reference Count : 1]<UL><LI> startup_apm32f40x.o(RESET)
</UL>
<P><STRONG><a name="[65]"></a>RCM_EnableAHB1PeriphClock</STRONG> (Thumb, 12 bytes, Stack size 0 bytes, apm32f4xx_rcm.o(i.RCM_EnableAHB1PeriphClock))
<BR><BR>[Called By]<UL><LI><a href="#[6d]">&gt;&gt;</a>&nbsp;&nbsp;&nbsp;DAC_Init
<LI><a href="#[6c]">&gt;&gt;</a>&nbsp;&nbsp;&nbsp;APM_MINI_LEDInit
<LI><a href="#[63]">&gt;&gt;</a>&nbsp;&nbsp;&nbsp;APM_MINI_COMInit
</UL>

<P><STRONG><a name="[67]"></a>RCM_EnableAPB1PeriphClock</STRONG> (Thumb, 12 bytes, Stack size 0 bytes, apm32f4xx_rcm.o(i.RCM_EnableAPB1PeriphClock))
<BR><BR>[Called By]<UL><LI><a href="#[6d]">&gt;&gt;</a>&nbsp;&nbsp;&nbsp;DAC_Init
<LI><a href="#[63]">&gt;&gt;</a>&nbsp;&nbsp;&nbsp;APM_MINI_COMInit
</UL>

<P><STRONG><a name="[66]"></a>RCM_EnableAPB2PeriphClock</STRONG> (Thumb, 12 bytes, Stack size 0 bytes, apm32f4xx_rcm.o(i.RCM_EnableAPB2PeriphClock))
<BR><BR>[Called By]<UL><LI><a href="#[63]">&gt;&gt;</a>&nbsp;&nbsp;&nbsp;APM_MINI_COMInit
</UL>

<P><STRONG><a name="[72]"></a>RCM_ReadHCLKFreq</STRONG> (Thumb, 38 bytes, Stack size 32 bytes, apm32f4xx_rcm.o(i.RCM_ReadHCLKFreq))
<BR><BR>[Stack]<UL><LI>Max Depth = 44<LI>Call Chain = RCM_ReadHCLKFreq &rArr; RCM_ReadSYSCLKFreq
</UL>
<BR>[Calls]<UL><LI><a href="#[73]">&gt;&gt;</a>&nbsp;&nbsp;&nbsp;RCM_ReadSYSCLKFreq
</UL>
<BR>[Called By]<UL><LI><a href="#[74]">&gt;&gt;</a>&nbsp;&nbsp;&nbsp;RCM_ReadPCLKFreq
</UL>

<P><STRONG><a name="[74]"></a>RCM_ReadPCLKFreq</STRONG> (Thumb, 62 bytes, Stack size 28 bytes, apm32f4xx_rcm.o(i.RCM_ReadPCLKFreq))
<BR><BR>[Stack]<UL><LI>Max Depth = 72<LI>Call Chain = RCM_ReadPCLKFreq &rArr; RCM_ReadHCLKFreq &rArr; RCM_ReadSYSCLKFreq
</UL>
<BR>[Calls]<UL><LI><a href="#[72]">&gt;&gt;</a>&nbsp;&nbsp;&nbsp;RCM_ReadHCLKFreq
</UL>
<BR>[Called By]<UL><LI><a href="#[6a]">&gt;&gt;</a>&nbsp;&nbsp;&nbsp;USART_Config
</UL>

<P><STRONG><a name="[73]"></a>RCM_ReadSYSCLKFreq</STRONG> (Thumb, 122 bytes, Stack size 12 bytes, apm32f4xx_rcm.o(i.RCM_ReadSYSCLKFreq))
<BR><BR>[Stack]<UL><LI>Max Depth = 12<LI>Call Chain = RCM_ReadSYSCLKFreq
</UL>
<BR>[Called By]<UL><LI><a href="#[72]">&gt;&gt;</a>&nbsp;&nbsp;&nbsp;RCM_ReadHCLKFreq
</UL>

<P><STRONG><a name="[6]"></a>SVC_Handler</STRONG> (Thumb, 2 bytes, Stack size 0 bytes, apm32f4xx_int.o(i.SVC_Handler))
<BR>[Address Reference Count : 1]<UL><LI> startup_apm32f40x.o(RESET)
</UL>
<P><STRONG><a name="[9]"></a>SysTick_Handler</STRONG> (Thumb, 2 bytes, Stack size 0 bytes, apm32f4xx_int.o(i.SysTick_Handler))
<BR>[Address Reference Count : 1]<UL><LI> startup_apm32f40x.o(RESET)
</UL>
<P><STRONG><a name="[5e]"></a>SystemInit</STRONG> (Thumb, 76 bytes, Stack size 8 bytes, system_apm32f4xx.o(i.SystemInit))
<BR><BR>[Stack]<UL><LI>Max Depth = 16<LI>Call Chain = SystemInit &rArr; SystemClockConfig
</UL>
<BR>[Calls]<UL><LI><a href="#[75]">&gt;&gt;</a>&nbsp;&nbsp;&nbsp;SystemClockConfig
</UL>
<BR>[Address Reference Count : 1]<UL><LI> startup_apm32f40x.o(.text)
</UL>
<P><STRONG><a name="[6a]"></a>USART_Config</STRONG> (Thumb, 236 bytes, Stack size 32 bytes, apm32f4xx_usart.o(i.USART_Config))
<BR><BR>[Stack]<UL><LI>Max Depth = 104<LI>Call Chain = USART_Config &rArr; RCM_ReadPCLKFreq &rArr; RCM_ReadHCLKFreq &rArr; RCM_ReadSYSCLKFreq
</UL>
<BR>[Calls]<UL><LI><a href="#[74]">&gt;&gt;</a>&nbsp;&nbsp;&nbsp;RCM_ReadPCLKFreq
</UL>
<BR>[Called By]<UL><LI><a href="#[63]">&gt;&gt;</a>&nbsp;&nbsp;&nbsp;APM_MINI_COMInit
</UL>

<P><STRONG><a name="[76]"></a>USART_ConfigStructInit</STRONG> (Thumb, 24 bytes, Stack size 0 bytes, apm32f4xx_usart.o(i.USART_ConfigStructInit))
<BR><BR>[Called By]<UL><LI><a href="#[5d]">&gt;&gt;</a>&nbsp;&nbsp;&nbsp;main
</UL>

<P><STRONG><a name="[6b]"></a>USART_Enable</STRONG> (Thumb, 14 bytes, Stack size 0 bytes, apm32f4xx_usart.o(i.USART_Enable))
<BR><BR>[Called By]<UL><LI><a href="#[63]">&gt;&gt;</a>&nbsp;&nbsp;&nbsp;APM_MINI_COMInit
</UL>

<P><STRONG><a name="[5]"></a>UsageFault_Handler</STRONG> (Thumb, 4 bytes, Stack size 0 bytes, apm32f4xx_int.o(i.UsageFault_Handler))
<BR>[Address Reference Count : 1]<UL><LI> startup_apm32f40x.o(RESET)
</UL>
<P><STRONG><a name="[7f]"></a>__scatterload_copy</STRONG> (Thumb, 14 bytes, Stack size unknown bytes, handlers.o(i.__scatterload_copy), UNUSED)

<P><STRONG><a name="[80]"></a>__scatterload_null</STRONG> (Thumb, 2 bytes, Stack size unknown bytes, handlers.o(i.__scatterload_null), UNUSED)

<P><STRONG><a name="[81]"></a>__scatterload_zeroinit</STRONG> (Thumb, 14 bytes, Stack size unknown bytes, handlers.o(i.__scatterload_zeroinit), UNUSED)

<P><STRONG><a name="[5d]"></a>main</STRONG> (Thumb, 70 bytes, Stack size 16 bytes, main.o(i.main))
<BR><BR>[Stack]<UL><LI>Max Depth = 144<LI>Call Chain = main &rArr; APM_MINI_COMInit &rArr; USART_Config &rArr; RCM_ReadPCLKFreq &rArr; RCM_ReadHCLKFreq &rArr; RCM_ReadSYSCLKFreq
</UL>
<BR>[Calls]<UL><LI><a href="#[77]">&gt;&gt;</a>&nbsp;&nbsp;&nbsp;DAC_EnableSoftwareTrigger
<LI><a href="#[6d]">&gt;&gt;</a>&nbsp;&nbsp;&nbsp;DAC_Init
<LI><a href="#[6c]">&gt;&gt;</a>&nbsp;&nbsp;&nbsp;APM_MINI_LEDInit
<LI><a href="#[63]">&gt;&gt;</a>&nbsp;&nbsp;&nbsp;APM_MINI_COMInit
<LI><a href="#[76]">&gt;&gt;</a>&nbsp;&nbsp;&nbsp;USART_ConfigStructInit
</UL>
<BR>[Address Reference Count : 1]<UL><LI> entry9a.o(.ARM.Collect$$$$0000000B)
</UL><P>
<H3>
Local Symbols
</H3>
<P><STRONG><a name="[75]"></a>SystemClockConfig</STRONG> (Thumb, 248 bytes, Stack size 8 bytes, system_apm32f4xx.o(i.SystemClockConfig))
<BR><BR>[Stack]<UL><LI>Max Depth = 8<LI>Call Chain = SystemClockConfig
</UL>
<BR>[Called By]<UL><LI><a href="#[5e]">&gt;&gt;</a>&nbsp;&nbsp;&nbsp;SystemInit
</UL>
<P>
<H3>
Undefined Global Symbols
</H3><HR></body></html>
