<html>
<body>
<pre>
<h1>µVision Build Log</h1>
<h2>Tool Versions:</h2>
IDE-Version: ¦ÌVision V5.25.2.0
Copyright (C) 2018 ARM Ltd and ARM Germany GmbH. All rights reserved.
License Information: Alan Chen, CCZ, LIC=BL28G-VT71D-QIQ5M-XD4N5-HPE1N-NYZAR
 
Tool Versions:
Toolchain:       MDK-ARM Professional  Version: 5.25.2.0
Toolchain Path:  C:\MySofaware\MDK5\ARM\ARMCC\Bin
C Compiler:      Armcc.exe V5.06 update 6 (build 750)
Assembler:       Armasm.exe V5.06 update 6 (build 750)
Linker/Locator:  ArmLink.exe V5.06 update 6 (build 750)
Library Manager: ArmAr.exe V5.06 update 6 (build 750)
Hex Converter:   FromElf.exe V5.06 update 6 (build 750)
CPU DLL:         SARMCM3.DLL V5.25.2.0
Dialog DLL:      DCM.DLL V1.17.1.0
Target DLL:      UL2CM3.DLL V1.160.12.0
Dialog DLL:      TCM.DLL V1.35.1.0
 
<h2>Project:</h2>
C:\Users\geehy\Desktop\APM32F4xx_DAC_Noise wave\Examples\DAC\DAC_Noise_wave\Project\MDK\DAC_noisewave.uvprojx
Project File Date:  03/03/2023

<h2>Output:</h2>
*** Using Compiler 'V5.06 update 6 (build 750)', folder: 'C:\MySofaware\MDK5\ARM\ARMCC\Bin'
Build target 'APM32F407'
assembling startup_apm32f40x.s...
compiling apm32f4xx_can.c...
compiling apm32f4xx_adc.c...
compiling apm32f4xx_cryp.c...
compiling system_apm32f4xx.c...
compiling apm32f4xx_cryp_aes.c...
compiling apm32f4xx_crc.c...
compiling apm32f4xx_cryp_des.c...
compiling apm32f4xx_cryp_tdes.c...
compiling apm32f4xx_dac.c...
compiling apm32f4xx_dbgmcu.c...
compiling apm32f4xx_dci.c...
compiling apm32f4xx_dma.c...
compiling apm32f4xx_eint.c...
compiling apm32f4xx_dmc.c...
compiling apm32f4xx_fmc.c...
compiling apm32f4xx_hash.c...
compiling apm32f4xx_gpio.c...
compiling apm32f4xx_hash_md5.c...
compiling apm32f4xx_hash_sha1.c...
compiling apm32f4xx_i2c.c...
compiling apm32f4xx_iwdt.c...
compiling apm32f4xx_misc.c...
compiling apm32f4xx_pmu.c...
compiling apm32f4xx_rcm.c...
compiling apm32f4xx_rng.c...
compiling apm32f4xx_rtc.c...
compiling apm32f4xx_sdio.c...
compiling apm32f4xx_smc.c...
compiling apm32f4xx_spi.c...
compiling apm32f4xx_syscfg.c...
compiling apm32f4xx_tmr.c...
compiling apm32f4xx_usart.c...
compiling apm32f4xx_wwdt.c...
compiling Board.c...
compiling apm32f4xx_int.c...
compiling main.c...
linking...
Program Size: Code=2020 RO-data=512 RW-data=40 ZI-data=1024  
".\Out\APM32F407\DAC_noisewave.axf" - 0 Error(s), 0 Warning(s).

<h2>Software Packages used:</h2>

Package Vendor: Geehy
                https://www.geehy.com/uploads/tool/Geehy.APM32F4xx_DFP.1.0.2.pack
                Geehy.APM32F4xx_DFP.1.0.2
                Geehy Semiconductor APM32F4 Series Device Support, Drivers and Examples

<h2>Collection of Component include folders:</h2>
  .\RTE\_APM32F407

<h2>Collection of Component Files used:</h2>
Build Time Elapsed:  00:00:13
</pre>
</body>
</html>
